Archive member included to satisfy reference by file (symbol)

C:/ST/STM32CubeIDE_1.16.0/STM32CubeIDE/plugins/com.st.stm32cube.ide.mcu.externaltools.gnu-tools-for-stm32.12.3.rel1.win32_1.0.200.202406191623/tools/bin/../lib/gcc/arm-none-eabi/12.3.1/../../../../arm-none-eabi/lib/thumb/v7-m/nofp\libc_nano.a(libc_a-exit.o)
                              C:/ST/STM32CubeIDE_1.16.0/STM32CubeIDE/plugins/com.st.stm32cube.ide.mcu.externaltools.gnu-tools-for-stm32.12.3.rel1.win32_1.0.200.202406191623/tools/bin/../lib/gcc/arm-none-eabi/12.3.1/../../../../arm-none-eabi/lib/thumb/v7-m/nofp/crt0.o (exit)
C:/ST/STM32CubeIDE_1.16.0/STM32CubeIDE/plugins/com.st.stm32cube.ide.mcu.externaltools.gnu-tools-for-stm32.12.3.rel1.win32_1.0.200.202406191623/tools/bin/../lib/gcc/arm-none-eabi/12.3.1/../../../../arm-none-eabi/lib/thumb/v7-m/nofp\libc_nano.a(libc_a-findfp.o)
                              C:/ST/STM32CubeIDE_1.16.0/STM32CubeIDE/plugins/com.st.stm32cube.ide.mcu.externaltools.gnu-tools-for-stm32.12.3.rel1.win32_1.0.200.202406191623/tools/bin/../lib/gcc/arm-none-eabi/12.3.1/../../../../arm-none-eabi/lib/thumb/v7-m/nofp\libc_nano.a(libc_a-exit.o) (__stdio_exit_handler)
C:/ST/STM32CubeIDE_1.16.0/STM32CubeIDE/plugins/com.st.stm32cube.ide.mcu.externaltools.gnu-tools-for-stm32.12.3.rel1.win32_1.0.200.202406191623/tools/bin/../lib/gcc/arm-none-eabi/12.3.1/../../../../arm-none-eabi/lib/thumb/v7-m/nofp\libc_nano.a(libc_a-fwalk.o)
                              C:/ST/STM32CubeIDE_1.16.0/STM32CubeIDE/plugins/com.st.stm32cube.ide.mcu.externaltools.gnu-tools-for-stm32.12.3.rel1.win32_1.0.200.202406191623/tools/bin/../lib/gcc/arm-none-eabi/12.3.1/../../../../arm-none-eabi/lib/thumb/v7-m/nofp\libc_nano.a(libc_a-findfp.o) (_fwalk_sglue)
C:/ST/STM32CubeIDE_1.16.0/STM32CubeIDE/plugins/com.st.stm32cube.ide.mcu.externaltools.gnu-tools-for-stm32.12.3.rel1.win32_1.0.200.202406191623/tools/bin/../lib/gcc/arm-none-eabi/12.3.1/../../../../arm-none-eabi/lib/thumb/v7-m/nofp\libc_nano.a(libc_a-snprintf.o)
                              ./Core/Src/main.o (snprintf)
C:/ST/STM32CubeIDE_1.16.0/STM32CubeIDE/plugins/com.st.stm32cube.ide.mcu.externaltools.gnu-tools-for-stm32.12.3.rel1.win32_1.0.200.202406191623/tools/bin/../lib/gcc/arm-none-eabi/12.3.1/../../../../arm-none-eabi/lib/thumb/v7-m/nofp\libc_nano.a(libc_a-stdio.o)
                              C:/ST/STM32CubeIDE_1.16.0/STM32CubeIDE/plugins/com.st.stm32cube.ide.mcu.externaltools.gnu-tools-for-stm32.12.3.rel1.win32_1.0.200.202406191623/tools/bin/../lib/gcc/arm-none-eabi/12.3.1/../../../../arm-none-eabi/lib/thumb/v7-m/nofp\libc_nano.a(libc_a-findfp.o) (__sread)
C:/ST/STM32CubeIDE_1.16.0/STM32CubeIDE/plugins/com.st.stm32cube.ide.mcu.externaltools.gnu-tools-for-stm32.12.3.rel1.win32_1.0.200.202406191623/tools/bin/../lib/gcc/arm-none-eabi/12.3.1/../../../../arm-none-eabi/lib/thumb/v7-m/nofp\libc_nano.a(libc_a-memset.o)
                              C:/ST/STM32CubeIDE_1.16.0/STM32CubeIDE/plugins/com.st.stm32cube.ide.mcu.externaltools.gnu-tools-for-stm32.12.3.rel1.win32_1.0.200.202406191623/tools/bin/../lib/gcc/arm-none-eabi/12.3.1/../../../../arm-none-eabi/lib/thumb/v7-m/nofp/crt0.o (memset)
C:/ST/STM32CubeIDE_1.16.0/STM32CubeIDE/plugins/com.st.stm32cube.ide.mcu.externaltools.gnu-tools-for-stm32.12.3.rel1.win32_1.0.200.202406191623/tools/bin/../lib/gcc/arm-none-eabi/12.3.1/../../../../arm-none-eabi/lib/thumb/v7-m/nofp\libc_nano.a(libc_a-closer.o)
                              C:/ST/STM32CubeIDE_1.16.0/STM32CubeIDE/plugins/com.st.stm32cube.ide.mcu.externaltools.gnu-tools-for-stm32.12.3.rel1.win32_1.0.200.202406191623/tools/bin/../lib/gcc/arm-none-eabi/12.3.1/../../../../arm-none-eabi/lib/thumb/v7-m/nofp\libc_nano.a(libc_a-stdio.o) (_close_r)
C:/ST/STM32CubeIDE_1.16.0/STM32CubeIDE/plugins/com.st.stm32cube.ide.mcu.externaltools.gnu-tools-for-stm32.12.3.rel1.win32_1.0.200.202406191623/tools/bin/../lib/gcc/arm-none-eabi/12.3.1/../../../../arm-none-eabi/lib/thumb/v7-m/nofp\libc_nano.a(libc_a-reent.o)
                              C:/ST/STM32CubeIDE_1.16.0/STM32CubeIDE/plugins/com.st.stm32cube.ide.mcu.externaltools.gnu-tools-for-stm32.12.3.rel1.win32_1.0.200.202406191623/tools/bin/../lib/gcc/arm-none-eabi/12.3.1/../../../../arm-none-eabi/lib/thumb/v7-m/nofp\libc_nano.a(libc_a-closer.o) (errno)
C:/ST/STM32CubeIDE_1.16.0/STM32CubeIDE/plugins/com.st.stm32cube.ide.mcu.externaltools.gnu-tools-for-stm32.12.3.rel1.win32_1.0.200.202406191623/tools/bin/../lib/gcc/arm-none-eabi/12.3.1/../../../../arm-none-eabi/lib/thumb/v7-m/nofp\libc_nano.a(libc_a-impure.o)
                              C:/ST/STM32CubeIDE_1.16.0/STM32CubeIDE/plugins/com.st.stm32cube.ide.mcu.externaltools.gnu-tools-for-stm32.12.3.rel1.win32_1.0.200.202406191623/tools/bin/../lib/gcc/arm-none-eabi/12.3.1/../../../../arm-none-eabi/lib/thumb/v7-m/nofp\libc_nano.a(libc_a-snprintf.o) (_impure_ptr)
[...]
Memory Configuration

Name             Origin             Length             Attributes
RAM              0x20000000         0x00005000         xrw
FLASH            0x08000000         0x00010000         xr
*default*        0x00000000         0xffffffff

Linker script and memory map

LOAD C:/ST/STM32CubeIDE_1.16.0/STM32CubeIDE/plugins/com.st.stm32cube.ide.mcu.externaltools.gnu-tools-for-stm32.12.3.rel1.win32_1.0.200.202406191623/tools/bin/../lib/gcc/arm-none-eabi/12.3.1/thumb/v7-m/nofp/crti.o
LOAD C:/ST/STM32CubeIDE_1.16.0/STM32CubeIDE/plugins/com.st.stm32cube.ide.mcu.externaltools.gnu-tools-for-stm32.12.3.rel1.win32_1.0.200.202406191623/tools/bin/../lib/gcc/arm-none-eabi/12.3.1/thumb/v7-m/nofp/crtbegin.o
LOAD C:/ST/STM32CubeIDE_1.16.0/STM32CubeIDE/plugins/com.st.stm32cube.ide.mcu.externaltools.gnu-tools-for-stm32.12.3.rel1.win32_1.0.200.202406191623/tools/bin/../lib/gcc/arm-none-eabi/12.3.1/../../../../arm-none-eabi/lib/thumb/v7-m/nofp/crt0.o
LOAD ./Core/Src/fonts.o
LOAD ./Core/Src/main.o
LOAD ./Core/Src/ssd1306_oled.o
LOAD ./Core/Src/stm32f1xx_hal_msp.o
LOAD ./Core/Src/stm32f1xx_it.o
LOAD ./Core/Src/syscalls.o
LOAD ./Core/Src/sysmem.o
LOAD ./Core/Src/system_stm32f1xx.o
LOAD ./Core/Startup/startup_stm32f103c8tx.o
LOAD ./Drivers/STM32F1xx_HAL_Driver/Src/stm32f1xx_hal.o
LOAD ./Drivers/STM32F1xx_HAL_Driver/Src/stm32f1xx_hal_cortex.o
LOAD ./Drivers/STM32F1xx_HAL_Driver/Src/stm32f1xx_hal_dma.o
LOAD ./Drivers/STM32F1xx_HAL_Driver/Src/stm32f1xx_hal_exti.o
LOAD ./Drivers/STM32F1xx_HAL_Driver/Src/stm32f1xx_hal_flash.o
LOAD ./Drivers/STM32F1xx_HAL_Driver/Src/stm32f1xx_hal_flash_ex.o
LOAD ./Drivers/STM32F1xx_HAL_Driver/Src/stm32f1xx_hal_gpio.o
LOAD ./Drivers/STM32F1xx_HAL_Driver/Src/stm32f1xx_hal_gpio_ex.o
LOAD ./Drivers/STM32F1xx_HAL_Driver/Src/stm32f1xx_hal_i2c.o
LOAD ./Drivers/STM32F1xx_HAL_Driver/Src/stm32f1xx_hal_pwr.o
LOAD ./Drivers/STM32F1xx_HAL_Driver/Src/stm32f1xx_hal_rcc.o
LOAD ./Drivers/STM32F1xx_HAL_Driver/Src/stm32f1xx_hal_rcc_ex.o
LOAD ./Drivers/STM32F1xx_HAL_Driver/Src/stm32f1xx_hal_tim.o
LOAD ./Drivers/STM32F1xx_HAL_Driver/Src/stm32f1xx_hal_tim_ex.o
START GROUP
LOAD C:/ST/STM32CubeIDE_1.16.0/STM32CubeIDE/plugins/com.st.stm32cube.ide.mcu.externaltools.gnu-tools-for-stm32.12.3.rel1.win32_1.0.200.202406191623/tools/bin/../lib/gcc/arm-none-eabi/12.3.1/../../../../arm-none-eabi/lib/thumb/v7-m/nofp\libstdc++_nano.a
LOAD C:/ST/STM32CubeIDE_1.16.0/STM32CubeIDE/plugins/com.st.stm32cube.ide.mcu.externaltools.gnu-tools-for-stm32.12.3.rel1.win32_1.0.200.202406191623/tools/bin/../lib/gcc/arm-none-eabi/12.3.1/../../../../arm-none-eabi/lib/thumb/v7-m/nofp\libsupc++_nano.a
END GROUP
LOAD C:/ST/STM32CubeIDE_1.16.0/STM32CubeIDE/plugins/com.st.stm32cube.ide.mcu.externaltools.gnu-tools-for-stm32.12.3.rel1.win32_1.0.200.202406191623/tools/bin/../lib/gcc/arm-none-eabi/12.3.1/../../../../arm-none-eabi/lib/thumb/v7-m/nofp\libstdc++_nano.a
LOAD C:/ST/STM32CubeIDE_1.16.0/STM32CubeIDE/plugins/com.st.stm32cube.ide.mcu.externaltools.gnu-tools-for-stm32.12.3.rel1.win32_1.0.200.202406191623/tools/bin/../lib/gcc/arm-none-eabi/12.3.1/../../../../arm-none-eabi/lib/thumb/v7-m/nofp\libm.a
LOAD C:/ST/STM32CubeIDE_1.16.0/STM32CubeIDE/plugins/com.st.stm32cube.ide.mcu.externaltools.gnu-tools-for-stm32.12.3.rel1.win32_1.0.200.202406191623/tools/bin/../lib/gcc/arm-none-eabi/12.3.1/../../../../arm-none-eabi/lib/thumb/v7-m/nofp\libc_nano.a
START GROUP
LOAD C:/ST/STM32CubeIDE_1.16.0/STM32CubeIDE/plugins/com.st.stm32cube.ide.mcu.externaltools.gnu-tools-for-stm32.12.3.rel1.win32_1.0.200.202406191623/tools/bin/../lib/gcc/arm-none-eabi/12.3.1/thumb/v7-m/nofp\libgcc.a
LOAD C:/ST/STM32CubeIDE_1.16.0/STM32CubeIDE/plugins/com.st.stm32cube.ide.mcu.externaltools.gnu-tools-for-stm32.12.3.rel1.win32_1.0.200.202406191623/tools/bin/../lib/gcc/arm-none-eabi/12.3.1/../../../../arm-none-eabi/lib/thumb/v7-m/nofp\libc_nano.a
END GROUP
START GROUP
LOAD C:/ST/STM32CubeIDE_1.16.0/STM32CubeIDE/plugins/com.st.stm32cube.ide.mcu.externaltools.gnu-tools-for-stm32.12.3.rel1.win32_1.0.200.202406191623/tools/bin/../lib/gcc/arm-none-eabi/12.3.1/thumb/v7-m/nofp\libgcc.a
LOAD C:/ST/STM32CubeIDE_1.16.0/STM32CubeIDE/plugins/com.st.stm32cube.ide.mcu.externaltools.gnu-tools-for-stm32.12.3.rel1.win32_1.0.200.202406191623/tools/bin/../lib/gcc/arm-none-eabi/12.3.1/../../../../arm-none-eabi/lib/thumb/v7-m/nofp\libc_nano.a
LOAD C:/ST/STM32CubeIDE_1.16.0/STM32CubeIDE/plugins/com.st.stm32cube.ide.mcu.externaltools.gnu-tools-for-stm32.12.3.rel1.win32_1.0.200.202406191623/tools/bin/../lib/gcc/arm-none-eabi/12.3.1/../../../../arm-none-eabi/lib/thumb/v7-m/nofp\libnosys.a
END GROUP
START GROUP
LOAD C:/ST/STM32CubeIDE_1.16.0/STM32CubeIDE/plugins/com.st.stm32cube.ide.mcu.externaltools.gnu-tools-for-stm32.12.3.rel1.win32_1.0.200.202406191623/tools/bin/../lib/gcc/arm-none-eabi/12.3.1/thumb/v7-m/nofp\libgcc.a
LOAD C:/ST/STM32CubeIDE_1.16.0/STM32CubeIDE/plugins/com.st.stm32cube.ide.mcu.externaltools.gnu-tools-for-stm32.12.3.rel1.win32_1.0.200.202406191623/tools/bin/../lib/gcc/arm-none-eabi/12.3.1/../../../../arm-none-eabi/lib/thumb/v7-m/nofp\libc_nano.a
LOAD C:/ST/STM32CubeIDE_1.16.0/STM32CubeIDE/plugins/com.st.stm32cube.ide.mcu.externaltools.gnu-tools-for-stm32.12.3.rel1.win32_1.0.200.202406191623/tools/bin/../lib/gcc/arm-none-eabi/12.3.1/../../../../arm-none-eabi/lib/thumb/v7-m/nofp\libnosys.a
END GROUP
LOAD C:/ST/STM32CubeIDE_1.16.0/STM32CubeIDE/plugins/com.st.stm32cube.ide.mcu.externaltools.gnu-tools-for-stm32.12.3.rel1.win32_1.0.200.202406191623/tools/bin/../lib/gcc/arm-none-eabi/12.3.1/thumb/v7-m/nofp/crtend.o
LOAD C:/ST/STM32CubeIDE_1.16.0/STM32CubeIDE/plugins/com.st.stm32cube.ide.mcu.externaltools.gnu-tools-for-stm32.12.3.rel1.win32_1.0.200.202406191623/tools/bin/../lib/gcc/arm-none-eabi/12.3.1/thumb/v7-m/nofp/crtn.o
                0x20005000                        _estack = (ORIGIN (RAM) + LENGTH (RAM))
                0x00000200                        _Min_Heap_Size = 0x200
                0x00000400                        _Min_Stack_Size = 0x400

.isr_vector     0x08000000      0x10c
                0x08000000                        . = ALIGN (0x4)
 *(.isr_vector)
 .isr_vector    0x08000000      0x10c ./Core/Startup/startup_stm32f103c8tx.o
                0x08000000                g_pfnVectors
                0x0800010c                        . = ALIGN (0x4)

.text           0x0800010c     0x39c4
                0x0800010c                        . = ALIGN (0x4)
 *(.text)
 .text          0x0800010c       0x40 C:/ST/STM32CubeIDE_1.16.0/STM32CubeIDE/plugins/com.st.stm32cube.ide.mcu.externaltools.gnu-tools-for-stm32.12.3.rel1.win32_1.0.200.202406191623/tools/bin/../lib/gcc/arm-none-eabi/12.3.1/thumb/v7-m/nofp/crtbegin.o
 *(.text*)
 .text.enc_step
                0x0800014c       0x84 ./Core/Src/main.o
 .text.sw_pressed_edge
                0x080001d0       0x88 ./Core/Src/main.o
 .text.draw_title
                0x08000258       0x28 ./Core/Src/main.o
 .text.draw_item
                0x08000280       0xa8 ./Core/Src/main.o
 .text.screen_main
                0x08000328       0x6c ./Core/Src/main.o
 .text.screen_submenu
                0x08000394       0xe8 ./Core/Src/main.o
 .text.main     0x0800047c      0x1ec ./Core/Src/main.o
                0x0800047c                main
 .text.SystemClock_Config
                0x08000668       0x8a ./Core/Src/main.o
                0x08000668                SystemClock_Config
 *fill*         0x080006f2        0x2 
 .text.MX_I2C1_Init
                0x080006f4       0x5c ./Core/Src/main.o
                0x080006f4                MX_I2C1_Init
 .text.MX_TIM2_Init
                0x08000750       0xa8 ./Core/Src/main.o
 .text.MX_GPIO_Init
                0x080007f8       0x84 ./Core/Src/main.o
                0x080007f8                MX_GPIO_Init
 .text.Error_Handler
                0x0800087c        0xc ./Core/Src/main.o
                0x0800087c                Error_Handler
 .text.SSD1306_Init
                0x08000888      0x188 ./Core/Src/ssd1306_oled.o
                0x08000888                SSD1306_Init
 .text.SSD1306_UpdateScreen
                0x08000a10       0x5c ./Core/Src/ssd1306_oled.o
                0x08000a10                SSD1306_UpdateScreen
 .text.SSD1306_Fill
                0x08000a6c       0x30 ./Core/Src/ssd1306_oled.o
                0x08000a6c                SSD1306_Fill
 .text.SSD1306_DrawPixel
                0x08000a9c       0xbc ./Core/Src/ssd1306_oled.o
                0x08000a9c                SSD1306_DrawPixel
 .text.SSD1306_GotoXY
                0x08000b58       0x2c ./Core/Src/ssd1306_oled.o
                0x08000b58                SSD1306_GotoXY
 .text.SSD1306_Putc
                0x08000b84       0xfc ./Core/Src/ssd1306_oled.o
                0x08000b84                SSD1306_Putc
 .text.SSD1306_Puts
                0x08000c80       0x4a ./Core/Src/ssd1306_oled.o
                0x08000c80                SSD1306_Puts
 .text.SSD1306_Clear
                0x08000cca       0x12 ./Core/Src/ssd1306_oled.o
                0x08000cca                SSD1306_Clear
 .text.SSD1306_I2C_Init
                0x08000cdc       0x28 ./Core/Src/ssd1306_oled.o
                0x08000cdc                SSD1306_I2C_Init
 .text.SSD1306_I2C_WriteMulti
                0x08000d04       0xcc ./Core/Src/ssd1306_oled.o
                0x08000d04                SSD1306_I2C_WriteMulti
 .text.SSD1306_I2C_Write
                0x08000dd0       0x3c ./Core/Src/ssd1306_oled.o
                0x08000dd0                SSD1306_I2C_Write
 .text.HAL_MspInit
                0x08000e0c       0x64 ./Core/Src/stm32f1xx_hal_msp.o
                0x08000e0c                HAL_MspInit
 .text.HAL_I2C_MspInit
                0x08000e70       0x7c ./Core/Src/stm32f1xx_hal_msp.o
                0x08000e70                HAL_I2C_MspInit
 .text.HAL_TIM_Encoder_MspInit
                0x08000eec       0x88 ./Core/Src/stm32f1xx_hal_msp.o
                0x08000eec                HAL_TIM_Encoder_MspInit
 .text.NMI_Handler
                0x08000f74        0x8 ./Core/Src/stm32f1xx_it.o
                0x08000f74                NMI_Handler
 .text.HardFault_Handler
                0x08000f7c        0x8 ./Core/Src/stm32f1xx_it.o
                0x08000f7c                HardFault_Handler
 .text.MemManage_Handler
                0x08000f84        0x8 ./Core/Src/stm32f1xx_it.o
                0x08000f84                MemManage_Handler
 .text.BusFault_Handler
                0x08000f8c        0x8 ./Core/Src/stm32f1xx_it.o
                0x08000f8c                BusFault_Handler
 .text.UsageFault_Handler
                0x08000f94        0x8 ./Core/Src/stm32f1xx_it.o
                0x08000f94                UsageFault_Handler
 .text.SVC_Handler
                0x08000f9c        0xc ./Core/Src/stm32f1xx_it.o
                0x08000f9c                SVC_Handler
 .text.DebugMon_Handler
                0x08000fa8        0xc ./Core/Src/stm32f1xx_it.o
                0x08000fa8                DebugMon_Handler
 .text.PendSV_Handler
                0x08000fb4        0xc ./Core/Src/stm32f1xx_it.o
                0x08000fb4                PendSV_Handler
 .text.SysTick_Handler
                0x08000fc0        0xc ./Core/Src/stm32f1xx_it.o
                0x08000fc0                SysTick_Handler
 .text.TIM2_IRQHandler
                0x08000fcc       0x14 ./Core/Src/stm32f1xx_it.o
                0x08000fcc                TIM2_IRQHandler
 .text._sbrk    0x08000fe0       0x6c ./Core/Src/sysmem.o
                0x08000fe0                _sbrk
 .text.SystemInit
                0x0800104c        0xc ./Core/Src/system_stm32f1xx.o
                0x0800104c                SystemInit
 .text.Reset_Handler
                0x08001058       0x48 ./Core/Startup/startup_stm32f103c8tx.o
                0x08001058                Reset_Handler
 .text.Default_Handler
                0x080010a0        0x2 ./Core/Startup/startup_stm32f103c8tx.o
                0x080010a0                RTC_Alarm_IRQHandler
                0x080010a0                EXTI2_IRQHandler
                0x080010a0                TIM1_CC_IRQHandler
                0x080010a0                PVD_IRQHandler
                0x080010a0                EXTI3_IRQHandler
                0x080010a0                EXTI0_IRQHandler
                0x080010a0                I2C2_EV_IRQHandler
                0x080010a0                ADC1_2_IRQHandler
                0x080010a0                SPI1_IRQHandler
                0x080010a0                TAMPER_IRQHandler
                0x080010a0                DMA1_Channel4_IRQHandler
                0x080010a0                USART3_IRQHandler
                0x080010a0                RTC_IRQHandler
                0x080010a0                DMA1_Channel7_IRQHandler
                0x080010a0                CAN1_RX1_IRQHandler
                0x080010a0                TIM4_IRQHandler
                0x080010a0                I2C1_EV_IRQHandler
                0x080010a0                DMA1_Channel6_IRQHandler
                0x080010a0                TIM3_IRQHandler
                0x080010a0                RCC_IRQHandler
                0x080010a0                TIM1_TRG_COM_IRQHandler
                0x080010a0                DMA1_Channel1_IRQHandler
                0x080010a0                Default_Handler
                0x080010a0                EXTI15_10_IRQHandler
                0x080010a0                EXTI9_5_IRQHandler
                0x080010a0                SPI2_IRQHandler
                0x080010a0                DMA1_Channel5_IRQHandler
                0x080010a0                EXTI4_IRQHandler
                0x080010a0                USB_LP_CAN1_RX0_IRQHandler
                0x080010a0                USB_HP_CAN1_TX_IRQHandler
                0x080010a0                DMA1_Channel3_IRQHandler
                0x080010a0                TIM1_UP_IRQHandler
                0x080010a0                WWDG_IRQHandler
                0x080010a0                TIM1_BRK_IRQHandler
                0x080010a0                EXTI1_IRQHandler
                0x080010a0                USART2_IRQHandler
                0x080010a0                I2C2_ER_IRQHandler
                0x080010a0                DMA1_Channel2_IRQHandler
                0x080010a0                CAN1_SCE_IRQHandler
                0x080010a0                FLASH_IRQHandler
                0x080010a0                USART1_IRQHandler
                0x080010a0                I2C1_ER_IRQHandler
                0x080010a0                USBWakeUp_IRQHandler
 *fill*         0x080010a2        0x2 
 .text.HAL_Init
                0x080010a4       0x2c ./Drivers/STM32F1xx_HAL_Driver/Src/stm32f1xx_hal.o
                0x080010a4                HAL_Init
 .text.HAL_InitTick
                0x080010d0       0x60 ./Drivers/STM32F1xx_HAL_Driver/Src/stm32f1xx_hal.o
                0x080010d0                HAL_InitTick
 .text.HAL_IncTick
                0x08001130       0x24 ./Drivers/STM32F1xx_HAL_Driver/Src/stm32f1xx_hal.o
                0x08001130                HAL_IncTick
 .text.HAL_GetTick
                0x08001154       0x14 ./Drivers/STM32F1xx_HAL_Driver/Src/stm32f1xx_hal.o
                0x08001154                HAL_GetTick
 .text.HAL_Delay
                0x08001168       0x48 ./Drivers/STM32F1xx_HAL_Driver/Src/stm32f1xx_hal.o
                0x08001168                HAL_Delay
 .text.__NVIC_SetPriorityGrouping
                0x080011b0       0x48 ./Drivers/STM32F1xx_HAL_Driver/Src/stm32f1xx_hal_cortex.o
 .text.__NVIC_GetPriorityGrouping
                0x080011f8       0x1c ./Drivers/STM32F1xx_HAL_Driver/Src/stm32f1xx_hal_cortex.o
 .text.__NVIC_EnableIRQ
                0x08001214       0x38 ./Drivers/STM32F1xx_HAL_Driver/Src/stm32f1xx_hal_cortex.o
 .text.__NVIC_SetPriority
                0x0800124c       0x54 ./Drivers/STM32F1xx_HAL_Driver/Src/stm32f1xx_hal_cortex.o
 .text.NVIC_EncodePriority
                0x080012a0       0x64 ./Drivers/STM32F1xx_HAL_Driver/Src/stm32f1xx_hal_cortex.o
 .text.SysTick_Config
                0x08001304       0x44 ./Drivers/STM32F1xx_HAL_Driver/Src/stm32f1xx_hal_cortex.o
 .text.HAL_NVIC_SetPriorityGrouping
                0x08001348       0x16 ./Drivers/STM32F1xx_HAL_Driver/Src/stm32f1xx_hal_cortex.o
                0x08001348                HAL_NVIC_SetPriorityGrouping
 .text.HAL_NVIC_SetPriority
                0x0800135e       0x38 ./Drivers/STM32F1xx_HAL_Driver/Src/stm32f1xx_hal_cortex.o
                0x0800135e                HAL_NVIC_SetPriority
 .text.HAL_NVIC_EnableIRQ
                0x08001396       0x1c ./Drivers/STM32F1xx_HAL_Driver/Src/stm32f1xx_hal_cortex.o
                0x08001396                HAL_NVIC_EnableIRQ
 .text.HAL_SYSTICK_Config
                0x080013b2       0x18 ./Drivers/STM32F1xx_HAL_Driver/Src/stm32f1xx_hal_cortex.o
                0x080013b2                HAL_SYSTICK_Config
 *fill*         0x080013ca        0x2 
 .text.HAL_GPIO_Init
                0x080013cc      0x308 ./Drivers/STM32F1xx_HAL_Driver/Src/stm32f1xx_hal_gpio.o
                0x080013cc                HAL_GPIO_Init
 .text.HAL_GPIO_ReadPin
                0x080016d4       0x2e ./Drivers/STM32F1xx_HAL_Driver/Src/stm32f1xx_hal_gpio.o
                0x080016d4                HAL_GPIO_ReadPin
 *fill*         0x08001702        0x2 
 .text.HAL_I2C_Init
                0x08001704      0x288 ./Drivers/STM32F1xx_HAL_Driver/Src/stm32f1xx_hal_i2c.o
                0x08001704                HAL_I2C_Init
 .text.HAL_I2C_Master_Transmit
                0x0800198c      0x1fc ./Drivers/STM32F1xx_HAL_Driver/Src/stm32f1xx_hal_i2c.o
                0x0800198c                HAL_I2C_Master_Transmit
 .text.HAL_I2C_IsDeviceReady
                0x08001b88      0x25c ./Drivers/STM32F1xx_HAL_Driver/Src/stm32f1xx_hal_i2c.o
                0x08001b88                HAL_I2C_IsDeviceReady
 .text.I2C_MasterRequestWrite
                0x08001de4      0x104 ./Drivers/STM32F1xx_HAL_Driver/Src/stm32f1xx_hal_i2c.o
 .text.I2C_WaitOnFlagUntilTimeout
                0x08001ee8       0xf4 ./Drivers/STM32F1xx_HAL_Driver/Src/stm32f1xx_hal_i2c.o
 .text.I2C_WaitOnMasterAddressFlagUntilTimeout
                0x08001fdc      0x140 ./Drivers/STM32F1xx_HAL_Driver/Src/stm32f1xx_hal_i2c.o
 .text.I2C_WaitOnTXEFlagUntilTimeout
                0x0800211c       0x90 ./Drivers/STM32F1xx_HAL_Driver/Src/stm32f1xx_hal_i2c.o
 .text.I2C_WaitOnBTFFlagUntilTimeout
                0x080021ac       0x90 ./Drivers/STM32F1xx_HAL_Driver/Src/stm32f1xx_hal_i2c.o
 .text.I2C_IsAcknowledgeFailed
                0x0800223c       0x5c ./Drivers/STM32F1xx_HAL_Driver/Src/stm32f1xx_hal_i2c.o
 .text.HAL_RCC_OscConfig
                0x08002298      0x504 ./Drivers/STM32F1xx_HAL_Driver/Src/stm32f1xx_hal_rcc.o
                0x08002298                HAL_RCC_OscConfig
 .text.HAL_RCC_ClockConfig
                0x0800279c      0x1d4 ./Drivers/STM32F1xx_HAL_Driver/Src/stm32f1xx_hal_rcc.o
                0x0800279c                HAL_RCC_ClockConfig
 .text.HAL_RCC_GetSysClockFreq
                0x08002970       0xa8 ./Drivers/STM32F1xx_HAL_Driver/Src/stm32f1xx_hal_rcc.o
                0x08002970                HAL_RCC_GetSysClockFreq
 .text.HAL_RCC_GetHCLKFreq
                0x08002a18       0x14 ./Drivers/STM32F1xx_HAL_Driver/Src/stm32f1xx_hal_rcc.o
                0x08002a18                HAL_RCC_GetHCLKFreq
 .text.HAL_RCC_GetPCLK1Freq
                0x08002a2c       0x28 ./Drivers/STM32F1xx_HAL_Driver/Src/stm32f1xx_hal_rcc.o
                0x08002a2c                HAL_RCC_GetPCLK1Freq
 .text.RCC_Delay
                0x08002a54       0x3c ./Drivers/STM32F1xx_HAL_Driver/Src/stm32f1xx_hal_rcc.o
 .text.HAL_TIM_Encoder_Init
                0x08002a90      0x144 ./Drivers/STM32F1xx_HAL_Driver/Src/stm32f1xx_hal_tim.o
                0x08002a90                HAL_TIM_Encoder_Init
 .text.HAL_TIM_Encoder_Start
                0x08002bd4      0x11c ./Drivers/STM32F1xx_HAL_Driver/Src/stm32f1xx_hal_tim.o
                0x08002bd4                HAL_TIM_Encoder_Start
 .text.HAL_TIM_IRQHandler
                0x08002cf0      0x1e0 ./Drivers/STM32F1xx_HAL_Driver/Src/stm32f1xx_hal_tim.o
                0x08002cf0                HAL_TIM_IRQHandler
 .text.HAL_TIM_PeriodElapsedCallback
                0x08002ed0       0x12 ./Drivers/STM32F1xx_HAL_Driver/Src/stm32f1xx_hal_tim.o
                0x08002ed0                HAL_TIM_PeriodElapsedCallback
 .text.HAL_TIM_OC_DelayElapsedCallback
                0x08002ee2       0x12 ./Drivers/STM32F1xx_HAL_Driver/Src/stm32f1xx_hal_tim.o
                0x08002ee2                HAL_TIM_OC_DelayElapsedCallback
 .text.HAL_TIM_IC_CaptureCallback
                0x08002ef4       0x12 ./Drivers/STM32F1xx_HAL_Driver/Src/stm32f1xx_hal_tim.o
                0x08002ef4                HAL_TIM_IC_CaptureCallback
 .text.HAL_TIM_PWM_PulseFinishedCallback
                0x08002f06       0x12 ./Drivers/STM32F1xx_HAL_Driver/Src/stm32f1xx_hal_tim.o
                0x08002f06                HAL_TIM_PWM_PulseFinishedCallback
 .text.HAL_TIM_TriggerCallback
                0x08002f18       0x12 ./Drivers/STM32F1xx_HAL_Driver/Src/stm32f1xx_hal_tim.o
                0x08002f18                HAL_TIM_TriggerCallback
 *fill*         0x08002f2a        0x2 
 .text.TIM_Base_SetConfig
                0x08002f2c       0xdc ./Drivers/STM32F1xx_HAL_Driver/Src/stm32f1xx_hal_tim.o
                0x08002f2c                TIM_Base_SetConfig
 .text.TIM_CCxChannelCmd
                0x08003008       0x48 ./Drivers/STM32F1xx_HAL_Driver/Src/stm32f1xx_hal_tim.o
                0x08003008                TIM_CCxChannelCmd
 .text.HAL_TIMEx_MasterConfigSynchronization
                0x08003050       0xbc ./Drivers/STM32F1xx_HAL_Driver/Src/stm32f1xx_hal_tim_ex.o
                0x08003050                HAL_TIMEx_MasterConfigSynchronization
 .text.HAL_TIMEx_CommutCallback
                0x0800310c       0x12 ./Drivers/STM32F1xx_HAL_Driver/Src/stm32f1xx_hal_tim_ex.o
                0x0800310c                HAL_TIMEx_CommutCallback
 .text.HAL_TIMEx_BreakCallback
                0x0800311e       0x12 ./Drivers/STM32F1xx_HAL_Driver/Src/stm32f1xx_hal_tim_ex.o
                0x0800311e                HAL_TIMEx_BreakCallback
 .text.snprintf
                0x08003130       0x68 C:/ST/STM32CubeIDE_1.16.0/STM32CubeIDE/plugins/com.st.stm32cube.ide.mcu.externaltools.gnu-tools-for-stm32.12.3.rel1.win32_1.0.200.202406191623/tools/bin/../lib/gcc/arm-none-eabi/12.3.1/../../../../arm-none-eabi/lib/thumb/v7-m/nofp\libc_nano.a(libc_a-snprintf.o)
                0x08003130                sniprintf
                0x08003130                snprintf
 .text.memset   0x08003198       0x10 C:/ST/STM32CubeIDE_1.16.0/STM32CubeIDE/plugins/com.st.stm32cube.ide.mcu.externaltools.gnu-tools-for-stm32.12.3.rel1.win32_1.0.200.202406191623/tools/bin/../lib/gcc/arm-none-eabi/12.3.1/../../../../arm-none-eabi/lib/thumb/v7-m/nofp\libc_nano.a(libc_a-memset.o)
                0x08003198                memset
 .text.__errno  0x080031a8        0xc C:/ST/STM32CubeIDE_1.16.0/STM32CubeIDE/plugins/com.st.stm32cube.ide.mcu.externaltools.gnu-tools-for-stm32.12.3.rel1.win32_1.0.200.202406191623/tools/bin/../lib/gcc/arm-none-eabi/12.3.1/../../../../arm-none-eabi/lib/thumb/v7-m/nofp\libc_nano.a(libc_a-errno.o)
                0x080031a8                __errno
 .text.__libc_init_array
                0x080031b4       0x48 C:/ST/STM32CubeIDE_1.16.0/STM32CubeIDE/plugins/com.st.stm32cube.ide.mcu.externaltools.gnu-tools-for-stm32.12.3.rel1.win32_1.0.200.202406191623/tools/bin/../lib/gcc/arm-none-eabi/12.3.1/../../../../arm-none-eabi/lib/thumb/v7-m/nofp\libc_nano.a(libc_a-init.o)
                0x080031b4                __libc_init_array
 .text.__retarget_lock_acquire_recursive
                0x080031fc        0x2 C:/ST/STM32CubeIDE_1.16.0/STM32CubeIDE/plugins/com.st.stm32cube.ide.mcu.externaltools.gnu-tools-for-stm32.12.3.rel1.win32_1.0.200.202406191623/tools/bin/../lib/gcc/arm-none-eabi/12.3.1/../../../../arm-none-eabi/lib/thumb/v7-m/nofp\libc_nano.a(libc_a-lock.o)
                0x080031fc                __retarget_lock_acquire_recursive
 .text.__retarget_lock_release_recursive
                0x080031fe        0x2 C:/ST/STM32CubeIDE_1.16.0/STM32CubeIDE/plugins/com.st.stm32cube.ide.mcu.externaltools.gnu-tools-for-stm32.12.3.rel1.win32_1.0.200.202406191623/tools/bin/../lib/gcc/arm-none-eabi/12.3.1/../../../../arm-none-eabi/lib/thumb/v7-m/nofp\libc_nano.a(libc_a-lock.o)
                0x080031fe                __retarget_lock_release_recursive
 .text._free_r  0x08003200       0x90 C:/ST/STM32CubeIDE_1.16.0/STM32CubeIDE/plugins/com.st.stm32cube.ide.mcu.externaltools.gnu-tools-for-stm32.12.3.rel1.win32_1.0.200.202406191623/tools/bin/../lib/gcc/arm-none-eabi/12.3.1/../../../../arm-none-eabi/lib/thumb/v7-m/nofp\libc_nano.a(libc_a-freer.o)
                0x08003200                _free_r
 .text.sbrk_aligned
                0x08003290       0x44 C:/ST/STM32CubeIDE_1.16.0/STM32CubeIDE/plugins/com.st.stm32cube.ide.mcu.externaltools.gnu-tools-for-stm32.12.3.rel1.win32_1.0.200.202406191623/tools/bin/../lib/gcc/arm-none-eabi/12.3.1/../../../../arm-none-eabi/lib/thumb/v7-m/nofp\libc_nano.a(libc_a-mallocr.o)
 .text._malloc_r
                0x080032d4      0x100 C:/ST/STM32CubeIDE_1.16.0/STM32CubeIDE/plugins/com.st.stm32cube.ide.mcu.externaltools.gnu-tools-for-stm32.12.3.rel1.win32_1.0.200.202406191623/tools/bin/../lib/gcc/arm-none-eabi/12.3.1/../../../../arm-none-eabi/lib/thumb/v7-m/nofp\libc_nano.a(libc_a-mallocr.o)
                0x080032d4                _malloc_r
 .text.__malloc_lock
                0x080033d4        0xc C:/ST/STM32CubeIDE_1.16.0/STM32CubeIDE/plugins/com.st.stm32cube.ide.mcu.externaltools.gnu-tools-for-stm32.12.3.rel1.win32_1.0.200.202406191623/tools/bin/../lib/gcc/arm-none-eabi/12.3.1/../../../../arm-none-eabi/lib/thumb/v7-m/nofp\libc_nano.a(libc_a-mlock.o)
                0x080033d4                __malloc_lock
 .text.__malloc_unlock
                0x080033e0        0xc C:/ST/STM32CubeIDE_1.16.0/STM32CubeIDE/plugins/com.st.stm32cube.ide.mcu.externaltools.gnu-tools-for-stm32.12.3.rel1.win32_1.0.200.202406191623/tools/bin/../lib/gcc/arm-none-eabi/12.3.1/../../../../arm-none-eabi/lib/thumb/v7-m/nofp\libc_nano.a(libc_a-mlock.o)
                0x080033e0                __malloc_unlock
 .text.__ssputs_r
                0x080033ec       0xb6 C:/ST/STM32CubeIDE_1.16.0/STM32CubeIDE/plugins/com.st.stm32cube.ide.mcu.externaltools.gnu-tools-for-stm32.12.3.rel1.win32_1.0.200.202406191623/tools/bin/../lib/gcc/arm-none-eabi/12.3.1/../../../../arm-none-eabi/lib/thumb/v7-m/nofp\libc_nano.a(libc_a-nano-svfprintf.o)
                0x080033ec                __ssputs_r
 *fill*         0x080034a2        0x2 
 .text._svfprintf_r
                0x080034a4      0x1f8 C:/ST/STM32CubeIDE_1.16.0/STM32CubeIDE/plugins/com.st.stm32cube.ide.mcu.externaltools.gnu-tools-for-stm32.12.3.rel1.win32_1.0.200.202406191623/tools/bin/../lib/gcc/arm-none-eabi/12.3.1/../../../../arm-none-eabi/lib/thumb/v7-m/nofp\libc_nano.a(libc_a-nano-svfprintf.o)
                0x080034a4                _svfiprintf_r
                0x080034a4                _svfprintf_r
 .text._printf_common
                0x0800369c       0xe4 C:/ST/STM32CubeIDE_1.16.0/STM32CubeIDE/plugins/com.st.stm32cube.ide.mcu.externaltools.gnu-tools-for-stm32.12.3.rel1.win32_1.0.200.202406191623/tools/bin/../lib/gcc/arm-none-eabi/12.3.1/../../../../arm-none-eabi/lib/thumb/v7-m/nofp\libc_nano.a(libc_a-nano-vfprintf_i.o)
                0x0800369c                _printf_common
 .text._printf_i
                0x08003780      0x240 C:/ST/STM32CubeIDE_1.16.0/STM32CubeIDE/plugins/com.st.stm32cube.ide.mcu.externaltools.gnu-tools-for-stm32.12.3.rel1.win32_1.0.200.202406191623/tools/bin/../lib/gcc/arm-none-eabi/12.3.1/../../../../arm-none-eabi/lib/thumb/v7-m/nofp\libc_nano.a(libc_a-nano-vfprintf_i.o)
                0x08003780                _printf_i
 .text.memmove  0x080039c0       0x34 C:/ST/STM32CubeIDE_1.16.0/STM32CubeIDE/plugins/com.st.stm32cube.ide.mcu.externaltools.gnu-tools-for-stm32.12.3.rel1.win32_1.0.200.202406191623/tools/bin/../lib/gcc/arm-none-eabi/12.3.1/../../../../arm-none-eabi/lib/thumb/v7-m/nofp\libc_nano.a(libc_a-memmove.o)
                0x080039c0                memmove
 .text._sbrk_r  0x080039f4       0x20 C:/ST/STM32CubeIDE_1.16.0/STM32CubeIDE/plugins/com.st.stm32cube.ide.mcu.externaltools.gnu-tools-for-stm32.12.3.rel1.win32_1.0.200.202406191623/tools/bin/../lib/gcc/arm-none-eabi/12.3.1/../../../../arm-none-eabi/lib/thumb/v7-m/nofp\libc_nano.a(libc_a-sbrkr.o)
                0x080039f4                _sbrk_r
 .text.memchr   0x08003a14       0x1c C:/ST/STM32CubeIDE_1.16.0/STM32CubeIDE/plugins/com.st.stm32cube.ide.mcu.externaltools.gnu-tools-for-stm32.12.3.rel1.win32_1.0.200.202406191623/tools/bin/../lib/gcc/arm-none-eabi/12.3.1/../../../../arm-none-eabi/lib/thumb/v7-m/nofp\libc_nano.a(libc_a-memchr-stub.o)
                0x08003a14                memchr
 .text.memcpy   0x08003a30       0x1c C:/ST/STM32CubeIDE_1.16.0/STM32CubeIDE/plugins/com.st.stm32cube.ide.mcu.externaltools.gnu-tools-for-stm32.12.3.rel1.win32_1.0.200.202406191623/tools/bin/../lib/gcc/arm-none-eabi/12.3.1/../../../../arm-none-eabi/lib/thumb/v7-m/nofp\libc_nano.a(libc_a-memcpy-stub.o)
                0x08003a30                memcpy
 .text._realloc_r
                0x08003a4c       0x5c C:/ST/STM32CubeIDE_1.16.0/STM32CubeIDE/plugins/com.st.stm32cube.ide.mcu.externaltools.gnu-tools-for-stm32.12.3.rel1.win32_1.0.200.202406191623/tools/bin/../lib/gcc/arm-none-eabi/12.3.1/../../../../arm-none-eabi/lib/thumb/v7-m/nofp\libc_nano.a(libc_a-reallocr.o)
                0x08003a4c                _realloc_r
 .text._malloc_usable_size_r
                0x08003aa8       0x10 C:/ST/STM32CubeIDE_1.16.0/STM32CubeIDE/plugins/com.st.stm32cube.ide.mcu.externaltools.gnu-tools-for-stm32.12.3.rel1.win32_1.0.200.202406191623/tools/bin/../lib/gcc/arm-none-eabi/12.3.1/../../../../arm-none-eabi/lib/thumb/v7-m/nofp\libc_nano.a(libc_a-msizer.o)
                0x08003aa8                _malloc_usable_size_r
 *(.glue_7)
 .glue_7        0x08003ab8        0x0 linker stubs
 *(.glue_7t)
 .glue_7t       0x08003ab8        0x0 linker stubs
 *(.eh_frame)
 .eh_frame      0x08003ab8        0x0 C:/ST/STM32CubeIDE_1.16.0/STM32CubeIDE/plugins/com.st.stm32cube.ide.mcu.externaltools.gnu-tools-for-stm32.12.3.rel1.win32_1.0.200.202406191623/tools/bin/../lib/gcc/arm-none-eabi/12.3.1/thumb/v7-m/nofp/crtbegin.o
 *(.init)
 .init          0x08003ab8        0x4 C:/ST/STM32CubeIDE_1.16.0/STM32CubeIDE/plugins/com.st.stm32cube.ide.mcu.externaltools.gnu-tools-for-stm32.12.3.rel1.win32_1.0.200.202406191623/tools/bin/../lib/gcc/arm-none-eabi/12.3.1/thumb/v7-m/nofp/crti.o
                0x08003ab8                _init
 .init          0x08003abc        0x8 C:/ST/STM32CubeIDE_1.16.0/STM32CubeIDE/plugins/com.st.stm32cube.ide.mcu.externaltools.gnu-tools-for-stm32.12.3.rel1.win32_1.0.200.202406191623/tools/bin/../lib/gcc/arm-none-eabi/12.3.1/thumb/v7-m/nofp/crtn.o
 *(.fini)
 .fini          0x08003ac4        0x4 C:/ST/STM32CubeIDE_1.16.0/STM32CubeIDE/plugins/com.st.stm32cube.ide.mcu.externaltools.gnu-tools-for-stm32.12.3.rel1.win32_1.0.200.202406191623/tools/bin/../lib/gcc/arm-none-eabi/12.3.1/thumb/v7-m/nofp/crti.o
                0x08003ac4                _fini
 .fini          0x08003ac8        0x8 C:/ST/STM32CubeIDE_1.16.0/STM32CubeIDE/plugins/com.st.stm32cube.ide.mcu.externaltools.gnu-tools-for-stm32.12.3.rel1.win32_1.0.200.202406191623/tools/bin/../lib/gcc/arm-none-eabi/12.3.1/thumb/v7-m/nofp/crtn.o
                0x08003ad0                        . = ALIGN (0x4)
                0x08003ad0                        _etext = .

.vfp11_veneer   0x08003ad0        0x0
 .vfp11_veneer  0x08003ad0        0x0 linker stubs

.v4_bx          0x08003ad0        0x0
 .v4_bx         0x08003ad0        0x0 linker stubs

.iplt           0x08003ad0        0x0
 .iplt          0x08003ad0        0x0 C:/ST/STM32CubeIDE_1.16.0/STM32CubeIDE/plugins/com.st.stm32cube.ide.mcu.externaltools.gnu-tools-for-stm32.12.3.rel1.win32_1.0.200.202406191623/tools/bin/../lib/gcc/arm-none-eabi/12.3.1/thumb/v7-m/nofp/crtbegin.o

.rodata         0x08003ad0     0x1578
                0x08003ad0                        . = ALIGN (0x4)
 *(.rodata)
 .rodata        0x08003ad0       0x4d ./Core/Src/main.o
 *(.rodata*)
 *fill*         0x08003b1d        0x3 
 .rodata.Font7x10
                0x08003b20      0x76c ./Core/Src/fonts.o
                0x08003b20                Font7x10
 .rodata.Font11x18
                0x0800428c      0xd5c ./Core/Src/fonts.o
                0x0800428c                Font11x18
 .rodata.AHBPrescTable
                0x08004fe8       0x10 ./Core/Src/system_stm32f1xx.o
                0x08004fe8                AHBPrescTable
 .rodata.APBPrescTable
                0x08004ff8        0x8 ./Core/Src/system_stm32f1xx.o
                0x08004ff8                APBPrescTable
 .rodata.aPLLMULFactorTable.1
                0x08005000       0x10 ./Drivers/STM32F1xx_HAL_Driver/Src/stm32f1xx_hal_rcc.o
 .rodata.aPredivFactorTable.0
                0x08005010        0x2 ./Drivers/STM32F1xx_HAL_Driver/Src/stm32f1xx_hal_rcc.o
 .rodata._svfprintf_r.str1.1
                0x08005012       0x11 C:/ST/STM32CubeIDE_1.16.0/STM32CubeIDE/plugins/com.st.stm32cube.ide.mcu.externaltools.gnu-tools-for-stm32.12.3.rel1.win32_1.0.200.202406191623/tools/bin/../lib/gcc/arm-none-eabi/12.3.1/../../../../arm-none-eabi/lib/thumb/v7-m/nofp\libc_nano.a(libc_a-nano-svfprintf.o)
 .rodata._printf_i.str1.1
                0x08005023       0x22 C:/ST/STM32CubeIDE_1.16.0/STM32CubeIDE/plugins/com.st.stm32cube.ide.mcu.externaltools.gnu-tools-for-stm32.12.3.rel1.win32_1.0.200.202406191623/tools/bin/../lib/gcc/arm-none-eabi/12.3.1/../../../../arm-none-eabi/lib/thumb/v7-m/nofp\libc_nano.a(libc_a-nano-vfprintf_i.o)
                0x08005048                        . = ALIGN (0x4)
 *fill*         0x08005045        0x3 

.ARM.extab      0x08005048        0x0
                0x08005048                        . = ALIGN (0x4)
 *(.ARM.extab* .gnu.linkonce.armextab.*)
                0x08005048                        . = ALIGN (0x4)

.ARM            0x08005048        0x0
                0x08005048                        . = ALIGN (0x4)
                0x08005048                        __exidx_start = .
 *(.ARM.exidx*)
                0x08005048                        __exidx_end = .
                0x08005048                        . = ALIGN (0x4)

.preinit_array  0x08005048        0x0
                0x08005048                        . = ALIGN (0x4)
                0x08005048                        PROVIDE (__preinit_array_start = .)
 *(.preinit_array*)
                0x08005048                        PROVIDE (__preinit_array_end = .)
                0x08005048                        . = ALIGN (0x4)

.init_array     0x08005048        0x4
                0x08005048                        . = ALIGN (0x4)
                0x08005048                        PROVIDE (__init_array_start = .)
 *(SORT_BY_NAME(.init_array.*))
 *(.init_array*)
 .init_array    0x08005048        0x4 C:/ST/STM32CubeIDE_1.16.0/STM32CubeIDE/plugins/com.st.stm32cube.ide.mcu.externaltools.gnu-tools-for-stm32.12.3.rel1.win32_1.0.200.202406191623/tools/bin/../lib/gcc/arm-none-eabi/12.3.1/thumb/v7-m/nofp/crtbegin.o
                0x0800504c                        PROVIDE (__init_array_end = .)
                0x0800504c                        . = ALIGN (0x4)

.fini_array     0x0800504c        0x4
                0x0800504c                        . = ALIGN (0x4)
                [!provide]                        PROVIDE (__fini_array_start = .)
 *(SORT_BY_NAME(.fini_array.*))
 *(.fini_array*)
 .fini_array    0x0800504c        0x4 C:/ST/STM32CubeIDE_1.16.0/STM32CubeIDE/plugins/com.st.stm32cube.ide.mcu.externaltools.gnu-tools-for-stm32.12.3.rel1.win32_1.0.200.202406191623/tools/bin/../lib/gcc/arm-none-eabi/12.3.1/thumb/v7-m/nofp/crtbegin.o
                [!provide]                        PROVIDE (__fini_array_end = .)
                0x08005050                        . = ALIGN (0x4)
                0x08005050                        _sidata = LOADADDR (.data)

.rel.dyn        0x08005050        0x0
 .rel.iplt      0x08005050        0x0 C:/ST/STM32CubeIDE_1.16.0/STM32CubeIDE/plugins/com.st.stm32cube.ide.mcu.externaltools.gnu-tools-for-stm32.12.3.rel1.win32_1.0.200.202406191623/tools/bin/../lib/gcc/arm-none-eabi/12.3.1/thumb/v7-m/nofp/crtbegin.o

.data           0x20000000       0xb4 load address 0x08005050
                0x20000000                        . = ALIGN (0x4)
                0x20000000                        _sdata = .
 *(.data)
 *(.data*)
 .data.Font_7x10
                0x20000000        0x8 ./Core/Src/fonts.o
                0x20000000                Font_7x10
 .data.Font_11x18
                0x20000008        0x8 ./Core/Src/fonts.o
                0x20000008                Font_11x18
 .data.kMainItems
                0x20000010        0xc ./Core/Src/main.o
 .data.kSubItems
                0x2000001c       0x10 ./Core/Src/main.o
 .data.presionPSI
                0x2000002c       0x24 ./Core/Src/main.o
 .data.editIdx  0x20000050        0x4 ./Core/Src/main.o
 .data.swStable
                0x20000054        0x1 ./Core/Src/main.o
 *fill*         0x20000055        0x3 
 .data.SystemCoreClock
                0x20000058        0x4 ./Core/Src/system_stm32f1xx.o
                0x20000058                SystemCoreClock
 .data.uwTickPrio
                0x2000005c        0x4 ./Drivers/STM32F1xx_HAL_Driver/Src/stm32f1xx_hal.o
                0x2000005c                uwTickPrio
 .data.uwTickFreq
                0x20000060        0x1 ./Drivers/STM32F1xx_HAL_Driver/Src/stm32f1xx_hal.o
                0x20000060                uwTickFreq
 *fill*         0x20000061        0x3 
 .data._impure_ptr
                0x20000064        0x4 C:/ST/STM32CubeIDE_1.16.0/STM32CubeIDE/plugins/com.st.stm32cube.ide.mcu.externaltools.gnu-tools-for-stm32.12.3.rel1.win32_1.0.200.202406191623/tools/bin/../lib/gcc/arm-none-eabi/12.3.1/../../../../arm-none-eabi/lib/thumb/v7-m/nofp\libc_nano.a(libc_a-impure.o)
                0x20000064                _impure_ptr
 .data._impure_data
                0x20000068       0x4c C:/ST/STM32CubeIDE_1.16.0/STM32CubeIDE/plugins/com.st.stm32cube.ide.mcu.externaltools.gnu-tools-for-stm32.12.3.rel1.win32_1.0.200.202406191623/tools/bin/../lib/gcc/arm-none-eabi/12.3.1/../../../../arm-none-eabi/lib/thumb/v7-m/nofp\libc_nano.a(libc_a-impure.o)
                0x20000068                _impure_data
 *(.RamFunc)
 *(.RamFunc*)
                0x200000b4                        . = ALIGN (0x4)
                0x200000b4                        _edata = .

.igot.plt       0x200000b4        0x0 load address 0x08005104
 .igot.plt      0x200000b4        0x0 C:/ST/STM32CubeIDE_1.16.0/STM32CubeIDE/plugins/com.st.stm32cube.ide.mcu.externaltools.gnu-tools-for-stm32.12.3.rel1.win32_1.0.200.202406191623/tools/bin/../lib/gcc/arm-none-eabi/12.3.1/thumb/v7-m/nofp/crtbegin.o
                0x200000b4                        . = ALIGN (0x4)

.bss            0x200000b4      0x650 load address 0x08005104
                0x200000b4                        _sbss = .
                0x200000b4                        __bss_start__ = _sbss
 *(.bss)
 .bss           0x200000b4       0x1c C:/ST/STM32CubeIDE_1.16.0/STM32CubeIDE/plugins/com.st.stm32cube.ide.mcu.externaltools.gnu-tools-for-stm32.12.3.rel1.win32_1.0.200.202406191623/tools/bin/../lib/gcc/arm-none-eabi/12.3.1/thumb/v7-m/nofp/crtbegin.o
 *(.bss*)
 .bss.hi2c1     0x200000d0       0x54 ./Core/Src/main.o
                0x200000d0                hi2c1
 .bss.htim2     0x20000124       0x48 ./Core/Src/main.o
                0x20000124                htim2
 .bss.state     0x2000016c        0x1 ./Core/Src/main.o
 *fill*         0x2000016d        0x3 
 .bss.mainIdx   0x20000170        0x4 ./Core/Src/main.o
 .bss.subIdx    0x20000174        0x4 ./Core/Src/main.o
 .bss.curMenu   0x20000178        0x4 ./Core/Src/main.o
 .bss.editing   0x2000017c        0x1 ./Core/Src/main.o
 *fill*         0x2000017d        0x1 
 .bss.enc_last_raw
                0x2000017e        0x2 ./Core/Src/main.o
 .bss.enc_acc   0x20000180        0x4 ./Core/Src/main.o
 .bss.swLastChange
                0x20000184        0x4 ./Core/Src/main.o
 .bss.lastPressTime
                0x20000188        0x4 ./Core/Src/main.o
 .bss.line      0x2000018c       0x20 ./Core/Src/main.o
 .bss.SSD1306_Buffer
                0x200001ac      0x400 ./Core/Src/ssd1306_oled.o
 .bss.SSD1306   0x200005ac        0x6 ./Core/Src/ssd1306_oled.o
 *fill*         0x200005b2        0x2 
 .bss.__sbrk_heap_end
                0x200005b4        0x4 ./Core/Src/sysmem.o
 .bss.uwTick    0x200005b8        0x4 ./Drivers/STM32F1xx_HAL_Driver/Src/stm32f1xx_hal.o
                0x200005b8                uwTick
 .bss.__sf      0x200005bc      0x138 C:/ST/STM32CubeIDE_1.16.0/STM32CubeIDE/plugins/com.st.stm32cube.ide.mcu.externaltools.gnu-tools-for-stm32.12.3.rel1.win32_1.0.200.202406191623/tools/bin/../lib/gcc/arm-none-eabi/12.3.1/../../../../arm-none-eabi/lib/thumb/v7-m/nofp\libc_nano.a(libc_a-findfp.o)
                0x200005bc                __sf
 .bss.errno     0x200006f4        0x4 C:/ST/STM32CubeIDE_1.16.0/STM32CubeIDE/plugins/com.st.stm32cube.ide.mcu.externaltools.gnu-tools-for-stm32.12.3.rel1.win32_1.0.200.202406191623/tools/bin/../lib/gcc/arm-none-eabi/12.3.1/../../../../arm-none-eabi/lib/thumb/v7-m/nofp\libc_nano.a(libc_a-reent.o)
                0x200006f4                errno
 .bss.__lock___malloc_recursive_mutex
                0x200006f8        0x1 C:/ST/STM32CubeIDE_1.16.0/STM32CubeIDE/plugins/com.st.stm32cube.ide.mcu.externaltools.gnu-tools-for-stm32.12.3.rel1.win32_1.0.200.202406191623/tools/bin/../lib/gcc/arm-none-eabi/12.3.1/../../../../arm-none-eabi/lib/thumb/v7-m/nofp\libc_nano.a(libc_a-lock.o)
                0x200006f8                __lock___malloc_recursive_mutex
 *fill*         0x200006f9        0x3 
 .bss.__malloc_sbrk_start
                0x200006fc        0x4 C:/ST/STM32CubeIDE_1.16.0/STM32CubeIDE/plugins/com.st.stm32cube.ide.mcu.externaltools.gnu-tools-for-stm32.12.3.rel1.win32_1.0.200.202406191623/tools/bin/../lib/gcc/arm-none-eabi/12.3.1/../../../../arm-none-eabi/lib/thumb/v7-m/nofp\libc_nano.a(libc_a-mallocr.o)
                0x200006fc                __malloc_sbrk_start
 .bss.__malloc_free_list
                0x20000700        0x4 C:/ST/STM32CubeIDE_1.16.0/STM32CubeIDE/plugins/com.st.stm32cube.ide.mcu.externaltools.gnu-tools-for-stm32.12.3.rel1.win32_1.0.200.202406191623/tools/bin/../lib/gcc/arm-none-eabi/12.3.1/../../../../arm-none-eabi/lib/thumb/v7-m/nofp\libc_nano.a(libc_a-mallocr.o)
                0x20000700                __malloc_free_list
 *(COMMON)
                0x20000704                        . = ALIGN (0x4)
                0x20000704                        _ebss = .
                0x20000704                        __bss_end__ = _ebss

._user_heap_stack
                0x20000704      0x604 load address 0x08005104
                0x20000708                        . = ALIGN (0x8)
 *fill*         0x20000704        0x4 
                [!provide]                        PROVIDE (end = .)
                0x20000708                        PROVIDE (_end = .)
                0x20000908                        . = (. + _Min_Heap_Size)
 *fill*         0x20000708      0x200 
                0x20000d08                        . = (. + _Min_Stack_Size)
 *fill*         0x20000908      0x400 
                0x20000d08                        . = ALIGN (0x8)

/DISCARD/
 libc.a(*)
 libm.a(*)
 libgcc.a(*)

.ARM.attributes
                0x00000000       0x29
 *(.ARM.attributes)
 .ARM.attributes
                0x00000000       0x1d C:/ST/STM32CubeIDE_1.16.0/STM32CubeIDE/plugins/com.st.stm32cube.ide.mcu.externaltools.gnu-tools-for-stm32.12.3.rel1.win32_1.0.200.202406191623/tools/bin/../lib/gcc/arm-none-eabi/12.3.1/thumb/v7-m/nofp/crti.o
 .ARM.attributes
                0x0000001d       0x2d C:/ST/STM32CubeIDE_1.16.0/STM32CubeIDE/plugins/com.st.stm32cube.ide.mcu.externaltools.gnu-tools-for-stm32.12.3.rel1.win32_1.0.200.202406191623/tools/bin/../lib/gcc/arm-none-eabi/12.3.1/thumb/v7-m/nofp/crtbegin.o
 .ARM.attributes
                0x0000004a       0x2d ./Core/Src/fonts.o
 .ARM.attributes
                0x00000077       0x2d ./Core/Src/main.o
 .ARM.attributes
                0x000000a4       0x2d ./Core/Src/ssd1306_oled.o
 .ARM.attributes
                0x000000d1       0x2d ./Core/Src/stm32f1xx_hal_msp.o
 .ARM.attributes
                0x000000fe       0x2d ./Core/Src/stm32f1xx_it.o
 .ARM.attributes
                0x0000012b       0x2d ./Core/Src/sysmem.o
 .ARM.attributes
                0x00000158       0x2d ./Core/Src/system_stm32f1xx.o
 .ARM.attributes
                0x00000185       0x21 ./Core/Startup/startup_stm32f103c8tx.o
 .ARM.attributes
                0x000001a6       0x2d ./Drivers/STM32F1xx_HAL_Driver/Src/stm32f1xx_hal.o
 .ARM.attributes
                0x000001d3       0x2d ./Drivers/STM32F1xx_HAL_Driver/Src/stm32f1xx_hal_cortex.o
 .ARM.attributes
                0x00000200       0x2d ./Drivers/STM32F1xx_HAL_Driver/Src/stm32f1xx_hal_gpio.o
 .ARM.attributes
                0x0000022d       0x2d ./Drivers/STM32F1xx_HAL_Driver/Src/stm32f1xx_hal_i2c.o
 .ARM.attributes
                0x0000025a       0x2d ./Drivers/STM32F1xx_HAL_Driver/Src/stm32f1xx_hal_rcc.o
 .ARM.attributes
                0x00000287       0x2d ./Drivers/STM32F1xx_HAL_Driver/Src/stm32f1xx_hal_tim.o
 .ARM.attributes
                0x000002b4       0x2d ./Drivers/STM32F1xx_HAL_Driver/Src/stm32f1xx_hal_tim_ex.o
 .ARM.attributes
                0x000002e1       0x2d C:/ST/STM32CubeIDE_1.16.0/STM32CubeIDE/plugins/com.st.stm32cube.ide.mcu.externaltools.gnu-tools-for-stm32.12.3.rel1.win32_1.0.200.202406191623/tools/bin/../lib/gcc/arm-none-eabi/12.3.1/../../../../arm-none-eabi/lib/thumb/v7-m/nofp\libc_nano.a(libc_a-findfp.o)
 .ARM.attributes
                0x0000030e       0x2d C:/ST/STM32CubeIDE_1.16.0/STM32CubeIDE/plugins/com.st.stm32cube.ide.mcu.externaltools.gnu-tools-for-stm32.12.3.rel1.win32_1.0.200.202406191623/tools/bin/../lib/gcc/arm-none-eabi/12.3.1/../../../../arm-none-eabi/lib/thumb/v7-m/nofp\libc_nano.a(libc_a-snprintf.o)
 .ARM.attributes
                0x0000033b       0x2d C:/ST/STM32CubeIDE_1.16.0/STM32CubeIDE/plugins/com.st.stm32cube.ide.mcu.externaltools.gnu-tools-for-stm32.12.3.rel1.win32_1.0.200.202406191623/tools/bin/../lib/gcc/arm-none-eabi/12.3.1/../../../../arm-none-eabi/lib/thumb/v7-m/nofp\libc_nano.a(libc_a-memset.o)
 .ARM.attributes
                0x00000368       0x2d C:/ST/STM32CubeIDE_1.16.0/STM32CubeIDE/plugins/com.st.stm32cube.ide.mcu.externaltools.gnu-tools-for-stm32.12.3.rel1.win32_1.0.200.202406191623/tools/bin/../lib/gcc/arm-none-eabi/12.3.1/../../../../arm-none-eabi/lib/thumb/v7-m/nofp\libc_nano.a(libc_a-reent.o)
 .ARM.attributes
                0x00000395       0x2d C:/ST/STM32CubeIDE_1.16.0/STM32CubeIDE/plugins/com.st.stm32cube.ide.mcu.externaltools.gnu-tools-for-stm32.12.3.rel1.win32_1.0.200.202406191623/tools/bin/../lib/gcc/arm-none-eabi/12.3.1/../../../../arm-none-eabi/lib/thumb/v7-m/nofp\libc_nano.a(libc_a-impure.o)
 .ARM.attributes
                0x000003c2       0x2d C:/ST/STM32CubeIDE_1.16.0/STM32CubeIDE/plugins/com.st.stm32cube.ide.mcu.externaltools.gnu-tools-for-stm32.12.3.rel1.win32_1.0.200.202406191623/tools/bin/../lib/gcc/arm-none-eabi/12.3.1/../../../../arm-none-eabi/lib/thumb/v7-m/nofp\libc_nano.a(libc_a-errno.o)
 .ARM.attributes
                0x000003ef       0x2d C:/ST/STM32CubeIDE_1.16.0/STM32CubeIDE/plugins/com.st.stm32cube.ide.mcu.externaltools.gnu-tools-for-stm32.12.3.rel1.win32_1.0.200.202406191623/tools/bin/../lib/gcc/arm-none-eabi/12.3.1/../../../../arm-none-eabi/lib/thumb/v7-m/nofp\libc_nano.a(libc_a-init.o)
 .ARM.attributes
                0x0000041c       0x2d C:/ST/STM32CubeIDE_1.16.0/STM32CubeIDE/plugins/com.st.stm32cube.ide.mcu.externaltools.gnu-tools-for-stm32.12.3.rel1.win32_1.0.200.202406191623/tools/bin/../lib/gcc/arm-none-eabi/12.3.1/../../../../arm-none-eabi/lib/thumb/v7-m/nofp\libc_nano.a(libc_a-lock.o)
 .ARM.attributes
                0x00000449       0x2d C:/ST/STM32CubeIDE_1.16.0/STM32CubeIDE/plugins/com.st.stm32cube.ide.mcu.externaltools.gnu-tools-for-stm32.12.3.rel1.win32_1.0.200.202406191623/tools/bin/../lib/gcc/arm-none-eabi/12.3.1/../../../../arm-none-eabi/lib/thumb/v7-m/nofp\libc_nano.a(libc_a-freer.o)
 .ARM.attributes
                0x00000476       0x2d C:/ST/STM32CubeIDE_1.16.0/STM32CubeIDE/plugins/com.st.stm32cube.ide.mcu.externaltools.gnu-tools-for-stm32.12.3.rel1.win32_1.0.200.202406191623/tools/bin/../lib/gcc/arm-none-eabi/12.3.1/../../../../arm-none-eabi/lib/thumb/v7-m/nofp\libc_nano.a(libc_a-mallocr.o)
 .ARM.attributes
                0x000004a3       0x2d C:/ST/STM32CubeIDE_1.16.0/STM32CubeIDE/plugins/com.st.stm32cube.ide.mcu.externaltools.gnu-tools-for-stm32.12.3.rel1.win32_1.0.200.202406191623/tools/bin/../lib/gcc/arm-none-eabi/12.3.1/../../../../arm-none-eabi/lib/thumb/v7-m/nofp\libc_nano.a(libc_a-mlock.o)
 .ARM.attributes
                0x000004d0       0x2d C:/ST/STM32CubeIDE_1.16.0/STM32CubeIDE/plugins/com.st.stm32cube.ide.mcu.externaltools.gnu-tools-for-stm32.12.3.rel1.win32_1.0.200.202406191623/tools/bin/../lib/gcc/arm-none-eabi/12.3.1/../../../../arm-none-eabi/lib/thumb/v7-m/nofp\libc_nano.a(libc_a-nano-svfprintf.o)
 .ARM.attributes
                0x000004fd       0x2d C:/ST/STM32CubeIDE_1.16.0/STM32CubeIDE/plugins/com.st.stm32cube.ide.mcu.externaltools.gnu-tools-for-stm32.12.3.rel1.win32_1.0.200.202406191623/tools/bin/../lib/gcc/arm-none-eabi/12.3.1/../../../../arm-none-eabi/lib/thumb/v7-m/nofp\libc_nano.a(libc_a-nano-vfprintf_i.o)
 .ARM.attributes
                0x0000052a       0x2d C:/ST/STM32CubeIDE_1.16.0/STM32CubeIDE/plugins/com.st.stm32cube.ide.mcu.externaltools.gnu-tools-for-stm32.12.3.rel1.win32_1.0.200.202406191623/tools/bin/../lib/gcc/arm-none-eabi/12.3.1/../../../../arm-none-eabi/lib/thumb/v7-m/nofp\libc_nano.a(libc_a-memmove.o)
 .ARM.attributes
                0x00000557       0x2d C:/ST/STM32CubeIDE_1.16.0/STM32CubeIDE/plugins/com.st.stm32cube.ide.mcu.externaltools.gnu-tools-for-stm32.12.3.rel1.win32_1.0.200.202406191623/tools/bin/../lib/gcc/arm-none-eabi/12.3.1/../../../../arm-none-eabi/lib/thumb/v7-m/nofp\libc_nano.a(libc_a-sbrkr.o)
 .ARM.attributes
                0x00000584       0x2d C:/ST/STM32CubeIDE_1.16.0/STM32CubeIDE/plugins/com.st.stm32cube.ide.mcu.externaltools.gnu-tools-for-stm32.12.3.rel1.win32_1.0.200.202406191623/tools/bin/../lib/gcc/arm-none-eabi/12.3.1/../../../../arm-none-eabi/lib/thumb/v7-m/nofp\libc_nano.a(libc_a-memchr-stub.o)
 .ARM.attributes
                0x000005b1       0x2d C:/ST/STM32CubeIDE_1.16.0/STM32CubeIDE/plugins/com.st.stm32cube.ide.mcu.externaltools.gnu-tools-for-stm32.12.3.rel1.win32_1.0.200.202406191623/tools/bin/../lib/gcc/arm-none-eabi/12.3.1/../../../../arm-none-eabi/lib/thumb/v7-m/nofp\libc_nano.a(libc_a-memcpy-stub.o)
 .ARM.attributes
                0x000005de       0x2d C:/ST/STM32CubeIDE_1.16.0/STM32CubeIDE/plugins/com.st.stm32cube.ide.mcu.externaltools.gnu-tools-for-stm32.12.3.rel1.win32_1.0.200.202406191623/tools/bin/../lib/gcc/arm-none-eabi/12.3.1/../../../../arm-none-eabi/lib/thumb/v7-m/nofp\libc_nano.a(libc_a-reallocr.o)
 .ARM.attributes
                0x0000060b       0x2d C:/ST/STM32CubeIDE_1.16.0/STM32CubeIDE/plugins/com.st.stm32cube.ide.mcu.externaltools.gnu-tools-for-stm32.12.3.rel1.win32_1.0.200.202406191623/tools/bin/../lib/gcc/arm-none-eabi/12.3.1/../../../../arm-none-eabi/lib/thumb/v7-m/nofp\libc_nano.a(libc_a-msizer.o)
 .ARM.attributes
                0x00000638       0x1d C:/ST/STM32CubeIDE_1.16.0/STM32CubeIDE/plugins/com.st.stm32cube.ide.mcu.externaltools.gnu-tools-for-stm32.12.3.rel1.win32_1.0.200.202406191623/tools/bin/../lib/gcc/arm-none-eabi/12.3.1/thumb/v7-m/nofp/crtn.o
OUTPUT(Rotary.elf elf32-littlearm)
LOAD linker stubs
LOAD C:/ST/STM32CubeIDE_1.16.0/STM32CubeIDE/plugins/com.st.stm32cube.ide.mcu.externaltools.gnu-tools-for-stm32.12.3.rel1.win32_1.0.200.202406191623/tools/bin/../lib/gcc/arm-none-eabi/12.3.1/../../../../arm-none-eabi/lib/thumb/v7-m/nofp\libc.a
LOAD C:/ST/STM32CubeIDE_1.16.0/STM32CubeIDE/plugins/com.st.stm32cube.ide.mcu.externaltools.gnu-tools-for-stm32.12.3.rel1.win32_1.0.200.202406191623/tools/bin/../lib/gcc/arm-none-eabi/12.3.1/../../../../arm-none-eabi/lib/thumb/v7-m/nofp\libm.a
LOAD C:/ST/STM32CubeIDE_1.16.0/STM32CubeIDE/plugins/com.st.stm32cube.ide.mcu.externaltools.gnu-tools-for-stm32.12.3.rel1.win32_1.0.200.202406191623/tools/bin/../lib/gcc/arm-none-eabi/12.3.1/thumb/v7-m/nofp\libgcc.a

.debug_info     0x00000000     0xbfa7
 .debug_info    0x00000000      0x255 ./Core/Src/fonts.o
 .debug_info    0x00000255     0x1326 ./Core/Src/main.o
 .debug_info    0x0000157b     0x1007 ./Core/Src/ssd1306_oled.o
 .debug_info    0x00002582      0xda7 ./Core/Src/stm32f1xx_hal_msp.o
 .debug_info    0x00003329      0x6a1 ./Core/Src/stm32f1xx_it.o
 .debug_info    0x000039ca      0x168 ./Core/Src/sysmem.o
 .debug_info    0x00003b32      0x222 ./Core/Src/system_stm32f1xx.o
 .debug_info    0x00003d54       0x30 ./Core/Startup/startup_stm32f103c8tx.o
 .debug_info    0x00003d84      0x704 ./Drivers/STM32F1xx_HAL_Driver/Src/stm32f1xx_hal.o
 .debug_info    0x00004488      0xa87 ./Drivers/STM32F1xx_HAL_Driver/Src/stm32f1xx_hal_cortex.o
 .debug_info    0x00004f0f      0x5ab ./Drivers/STM32F1xx_HAL_Driver/Src/stm32f1xx_hal_gpio.o
 .debug_info    0x000054ba     0x2524 ./Drivers/STM32F1xx_HAL_Driver/Src/stm32f1xx_hal_i2c.o
 .debug_info    0x000079de      0x7d5 ./Drivers/STM32F1xx_HAL_Driver/Src/stm32f1xx_hal_rcc.o
 .debug_info    0x000081b3     0x2959 ./Drivers/STM32F1xx_HAL_Driver/Src/stm32f1xx_hal_tim.o
 .debug_info    0x0000ab0c     0x149b ./Drivers/STM32F1xx_HAL_Driver/Src/stm32f1xx_hal_tim_ex.o

.debug_abbrev   0x00000000     0x1e15
 .debug_abbrev  0x00000000      0x11c ./Core/Src/fonts.o
 .debug_abbrev  0x0000011c      0x38c ./Core/Src/main.o
 .debug_abbrev  0x000004a8      0x2d6 ./Core/Src/ssd1306_oled.o
 .debug_abbrev  0x0000077e      0x1d5 ./Core/Src/stm32f1xx_hal_msp.o
 .debug_abbrev  0x00000953      0x191 ./Core/Src/stm32f1xx_it.o
 .debug_abbrev  0x00000ae4       0xbc ./Core/Src/sysmem.o
 .debug_abbrev  0x00000ba0      0x13f ./Core/Src/system_stm32f1xx.o
 .debug_abbrev  0x00000cdf       0x24 ./Core/Startup/startup_stm32f103c8tx.o
 .debug_abbrev  0x00000d03      0x201 ./Drivers/STM32F1xx_HAL_Driver/Src/stm32f1xx_hal.o
 .debug_abbrev  0x00000f04      0x2f8 ./Drivers/STM32F1xx_HAL_Driver/Src/stm32f1xx_hal_cortex.o
 .debug_abbrev  0x000011fc      0x1ca ./Drivers/STM32F1xx_HAL_Driver/Src/stm32f1xx_hal_gpio.o
 .debug_abbrev  0x000013c6      0x2a3 ./Drivers/STM32F1xx_HAL_Driver/Src/stm32f1xx_hal_i2c.o
 .debug_abbrev  0x00001669      0x2b3 ./Drivers/STM32F1xx_HAL_Driver/Src/stm32f1xx_hal_rcc.o
 .debug_abbrev  0x0000191c      0x277 ./Drivers/STM32F1xx_HAL_Driver/Src/stm32f1xx_hal_tim.o
 .debug_abbrev  0x00001b93      0x282 ./Drivers/STM32F1xx_HAL_Driver/Src/stm32f1xx_hal_tim_ex.o

.debug_aranges  0x00000000      0xd50
 .debug_aranges
                0x00000000       0x20 ./Core/Src/fonts.o
 .debug_aranges
                0x00000020       0x78 ./Core/Src/main.o
 .debug_aranges
                0x00000098       0xf8 ./Core/Src/ssd1306_oled.o
 .debug_aranges
                0x00000190       0x40 ./Core/Src/stm32f1xx_hal_msp.o
 .debug_aranges
                0x000001d0       0x68 ./Core/Src/stm32f1xx_it.o
 .debug_aranges
                0x00000238       0x20 ./Core/Src/sysmem.o
 .debug_aranges
                0x00000258       0x28 ./Core/Src/system_stm32f1xx.o
 .debug_aranges
                0x00000280       0x28 ./Core/Startup/startup_stm32f103c8tx.o
 .debug_aranges
                0x000002a8       0xe0 ./Drivers/STM32F1xx_HAL_Driver/Src/stm32f1xx_hal.o
 .debug_aranges
                0x00000388      0x100 ./Drivers/STM32F1xx_HAL_Driver/Src/stm32f1xx_hal_cortex.o
 .debug_aranges
                0x00000488       0x58 ./Drivers/STM32F1xx_HAL_Driver/Src/stm32f1xx_hal_gpio.o
 .debug_aranges
                0x000004e0      0x2a8 ./Drivers/STM32F1xx_HAL_Driver/Src/stm32f1xx_hal_i2c.o
 .debug_aranges
                0x00000788       0x90 ./Drivers/STM32F1xx_HAL_Driver/Src/stm32f1xx_hal_rcc.o
 .debug_aranges
                0x00000818      0x3d0 ./Drivers/STM32F1xx_HAL_Driver/Src/stm32f1xx_hal_tim.o
 .debug_aranges
                0x00000be8      0x168 ./Drivers/STM32F1xx_HAL_Driver/Src/stm32f1xx_hal_tim_ex.o

.debug_rnglists
                0x00000000      0xa71
 .debug_rnglists
                0x00000000       0x13 ./Core/Src/fonts.o
 .debug_rnglists
                0x00000013       0x5d ./Core/Src/main.o
 .debug_rnglists
                0x00000070       0xc2 ./Core/Src/ssd1306_oled.o
 .debug_rnglists
                0x00000132       0x2c ./Core/Src/stm32f1xx_hal_msp.o
 .debug_rnglists
                0x0000015e       0x49 ./Core/Src/stm32f1xx_it.o
 .debug_rnglists
                0x000001a7       0x13 ./Core/Src/sysmem.o
 .debug_rnglists
                0x000001ba       0x1a ./Core/Src/system_stm32f1xx.o
 .debug_rnglists
                0x000001d4       0x19 ./Core/Startup/startup_stm32f103c8tx.o
 .debug_rnglists
                0x000001ed       0xa3 ./Drivers/STM32F1xx_HAL_Driver/Src/stm32f1xx_hal.o
 .debug_rnglists
                0x00000290       0xbb ./Drivers/STM32F1xx_HAL_Driver/Src/stm32f1xx_hal_cortex.o
 .debug_rnglists
                0x0000034b       0x3f ./Drivers/STM32F1xx_HAL_Driver/Src/stm32f1xx_hal_gpio.o
 .debug_rnglists
                0x0000038a      0x23c ./Drivers/STM32F1xx_HAL_Driver/Src/stm32f1xx_hal_i2c.o
 .debug_rnglists
                0x000005c6       0x6c ./Drivers/STM32F1xx_HAL_Driver/Src/stm32f1xx_hal_rcc.o
 .debug_rnglists
                0x00000632      0x31a ./Drivers/STM32F1xx_HAL_Driver/Src/stm32f1xx_hal_tim.o
 .debug_rnglists
                0x0000094c      0x125 ./Drivers/STM32F1xx_HAL_Driver/Src/stm32f1xx_hal_tim_ex.o

.debug_macro    0x00000000    0x17f56
 .debug_macro   0x00000000      0x285 ./Core/Src/fonts.o
 .debug_macro   0x00000285      0xaa8 ./Core/Src/fonts.o
 .debug_macro   0x00000d2d      0x21b ./Core/Src/fonts.o
 .debug_macro   0x00000f48       0x2e ./Core/Src/fonts.o
 .debug_macro   0x00000f76       0x22 ./Core/Src/fonts.o
 .debug_macro   0x00000f98       0x22 ./Core/Src/fonts.o
 .debug_macro   0x00000fba       0x8e ./Core/Src/fonts.o
 .debug_macro   0x00001048       0x51 ./Core/Src/fonts.o
 .debug_macro   0x00001099      0x103 ./Core/Src/fonts.o
 .debug_macro   0x0000119c       0x6a ./Core/Src/fonts.o
 .debug_macro   0x00001206      0x1df ./Core/Src/fonts.o
 .debug_macro   0x000013e5       0x1c ./Core/Src/fonts.o
 .debug_macro   0x00001401       0x22 ./Core/Src/fonts.o
 .debug_macro   0x00001423       0xbd ./Core/Src/fonts.o
 .debug_macro   0x000014e0      0xd23 ./Core/Src/fonts.o
 .debug_macro   0x00002203     0xe09e ./Core/Src/fonts.o
 .debug_macro   0x000102a1       0x6d ./Core/Src/fonts.o
 .debug_macro   0x0001030e     0x34a2 ./Core/Src/fonts.o
 .debug_macro   0x000137b0      0x189 ./Core/Src/fonts.o
 .debug_macro   0x00013939       0x5c ./Core/Src/fonts.o
 .debug_macro   0x00013995      0x5bc ./Core/Src/fonts.o
 .debug_macro   0x00013f51      0x289 ./Core/Src/fonts.o
 .debug_macro   0x000141da      0x1cb ./Core/Src/fonts.o
 .debug_macro   0x000143a5      0x114 ./Core/Src/fonts.o
 .debug_macro   0x000144b9      0x1b2 ./Core/Src/fonts.o
 .debug_macro   0x0001466b       0x27 ./Core/Src/fonts.o
 .debug_macro   0x00014692      0x136 ./Core/Src/fonts.o
 .debug_macro   0x000147c8      0x1bc ./Core/Src/fonts.o
 .debug_macro   0x00014984       0x34 ./Core/Src/fonts.o
 .debug_macro   0x000149b8       0x3c ./Core/Src/fonts.o
 .debug_macro   0x000149f4       0x57 ./Core/Src/fonts.o
 .debug_macro   0x00014a4b       0x87 ./Core/Src/fonts.o
 .debug_macro   0x00014ad2      0x240 ./Core/Src/fonts.o
 .debug_macro   0x00014d12      0x287 ./Core/Src/fonts.o
 .debug_macro   0x00014f99      0x140 ./Core/Src/fonts.o
 .debug_macro   0x000150d9      0x8ed ./Core/Src/fonts.o
 .debug_macro   0x000159c6       0x83 ./Core/Src/fonts.o
 .debug_macro   0x00015a49       0x61 ./Core/Src/fonts.o
 .debug_macro   0x00015aaa       0x24 ./Core/Src/fonts.o
 .debug_macro   0x00015ace       0x43 ./Core/Src/fonts.o
 .debug_macro   0x00015b11       0x34 ./Core/Src/fonts.o
 .debug_macro   0x00015b45       0x16 ./Core/Src/fonts.o
 .debug_macro   0x00015b5b       0x43 ./Core/Src/fonts.o
 .debug_macro   0x00015b9e       0x34 ./Core/Src/fonts.o
 .debug_macro   0x00015bd2       0x10 ./Core/Src/fonts.o
 .debug_macro   0x00015be2       0x58 ./Core/Src/fonts.o
 .debug_macro   0x00015c3a       0x8e ./Core/Src/fonts.o
 .debug_macro   0x00015cc8       0x1c ./Core/Src/fonts.o
 .debug_macro   0x00015ce4      0x177 ./Core/Src/fonts.o
 .debug_macro   0x00015e5b      0x369 ./Core/Src/fonts.o
 .debug_macro   0x000161c4       0x10 ./Core/Src/fonts.o
 .debug_macro   0x000161d4       0x35 ./Core/Src/fonts.o
 .debug_macro   0x00016209       0x20 ./Core/Src/fonts.o
 .debug_macro   0x00016229      0x33b ./Core/Src/main.o
 .debug_macro   0x00016564       0x16 ./Core/Src/main.o
 .debug_macro   0x0001657a       0x10 ./Core/Src/main.o
 .debug_macro   0x0001658a       0x16 ./Core/Src/main.o
 .debug_macro   0x000165a0       0x16 ./Core/Src/main.o
 .debug_macro   0x000165b6      0x146 ./Core/Src/main.o
 .debug_macro   0x000166fc       0x16 ./Core/Src/main.o
 .debug_macro   0x00016712       0x22 ./Core/Src/main.o
 .debug_macro   0x00016734       0x52 ./Core/Src/main.o
 .debug_macro   0x00016786      0x2d4 ./Core/Src/ssd1306_oled.o
 .debug_macro   0x00016a5a       0x16 ./Core/Src/ssd1306_oled.o
 .debug_macro   0x00016a70       0x16 ./Core/Src/ssd1306_oled.o
 .debug_macro   0x00016a86       0x29 ./Core/Src/ssd1306_oled.o
 .debug_macro   0x00016aaf      0x1ad ./Core/Src/stm32f1xx_hal_msp.o
 .debug_macro   0x00016c5c      0x1b7 ./Core/Src/stm32f1xx_it.o
 .debug_macro   0x00016e13       0xff ./Core/Src/sysmem.o
 .debug_macro   0x00016f12      0x23c ./Core/Src/sysmem.o
 .debug_macro   0x0001714e      0x1a3 ./Core/Src/system_stm32f1xx.o
 .debug_macro   0x000172f1      0x1c7 ./Drivers/STM32F1xx_HAL_Driver/Src/stm32f1xx_hal.o
 .debug_macro   0x000174b8      0x1a3 ./Drivers/STM32F1xx_HAL_Driver/Src/stm32f1xx_hal_cortex.o
 .debug_macro   0x0001765b      0x20e ./Drivers/STM32F1xx_HAL_Driver/Src/stm32f1xx_hal_gpio.o
 .debug_macro   0x00017869      0x1f1 ./Drivers/STM32F1xx_HAL_Driver/Src/stm32f1xx_hal_i2c.o
 .debug_macro   0x00017a5a      0x1b5 ./Drivers/STM32F1xx_HAL_Driver/Src/stm32f1xx_hal_rcc.o
 .debug_macro   0x00017c0f      0x1a4 ./Drivers/STM32F1xx_HAL_Driver/Src/stm32f1xx_hal_tim.o
 .debug_macro   0x00017db3      0x1a3 ./Drivers/STM32F1xx_HAL_Driver/Src/stm32f1xx_hal_tim_ex.o

.debug_line     0x00000000     0xf9d3
 .debug_line    0x00000000      0x877 ./Core/Src/fonts.o
 .debug_line    0x00000877      0xc9b ./Core/Src/main.o
 .debug_line    0x00001512     0x1065 ./Core/Src/ssd1306_oled.o
 .debug_line    0x00002577      0x799 ./Core/Src/stm32f1xx_hal_msp.o
 .debug_line    0x00002d10      0x7de ./Core/Src/stm32f1xx_it.o
 .debug_line    0x000034ee      0x583 ./Core/Src/sysmem.o
 .debug_line    0x00003a71      0x782 ./Core/Src/system_stm32f1xx.o
 .debug_line    0x000041f3       0x78 ./Core/Startup/startup_stm32f103c8tx.o
 .debug_line    0x0000426b      0x9af ./Drivers/STM32F1xx_HAL_Driver/Src/stm32f1xx_hal.o
 .debug_line    0x00004c1a      0xb9b ./Drivers/STM32F1xx_HAL_Driver/Src/stm32f1xx_hal_cortex.o
 .debug_line    0x000057b5      0xa48 ./Drivers/STM32F1xx_HAL_Driver/Src/stm32f1xx_hal_gpio.o
 .debug_line    0x000061fd     0x3c4c ./Drivers/STM32F1xx_HAL_Driver/Src/stm32f1xx_hal_i2c.o
 .debug_line    0x00009e49      0xdb8 ./Drivers/STM32F1xx_HAL_Driver/Src/stm32f1xx_hal_rcc.o
 .debug_line    0x0000ac01     0x34d4 ./Drivers/STM32F1xx_HAL_Driver/Src/stm32f1xx_hal_tim.o
 .debug_line    0x0000e0d5     0x18fe ./Drivers/STM32F1xx_HAL_Driver/Src/stm32f1xx_hal_tim_ex.o

.debug_str      0x00000000    0x8af26
 .debug_str     0x00000000    0x861e3 ./Core/Src/fonts.o
                              0x86541 (size before relaxing)
 .debug_str     0x000861e3     0x1574 ./Core/Src/main.o
                              0x87aec (size before relaxing)
 .debug_str     0x00087757      0x478 ./Core/Src/ssd1306_oled.o
                              0x86ffe (size before relaxing)
 .debug_str     0x00087bcf      0x37a ./Core/Src/stm32f1xx_hal_msp.o
                              0x83ef9 (size before relaxing)
 .debug_str     0x00087f49       0xec ./Core/Src/stm32f1xx_it.o
                              0x838c4 (size before relaxing)
 .debug_str     0x00088035      0x546 ./Core/Src/sysmem.o
                               0x60a3 (size before relaxing)
 .debug_str     0x0008857b       0x7e ./Core/Src/system_stm32f1xx.o
                              0x833e9 (size before relaxing)
 .debug_str     0x000885f9       0x44 ./Core/Startup/startup_stm32f103c8tx.o
                                 0xae (size before relaxing)
 .debug_str     0x0008863d      0x378 ./Drivers/STM32F1xx_HAL_Driver/Src/stm32f1xx_hal.o
                              0x83b1c (size before relaxing)
 .debug_str     0x000889b5      0x294 ./Drivers/STM32F1xx_HAL_Driver/Src/stm32f1xx_hal_cortex.o
                              0x83a68 (size before relaxing)
 .debug_str     0x00088c49      0x2e7 ./Drivers/STM32F1xx_HAL_Driver/Src/stm32f1xx_hal_gpio.o
                              0x8376f (size before relaxing)
 .debug_str     0x00088f30      0xba7 ./Drivers/STM32F1xx_HAL_Driver/Src/stm32f1xx_hal_i2c.o
                              0x844b0 (size before relaxing)
 .debug_str     0x00089ad7      0x209 ./Drivers/STM32F1xx_HAL_Driver/Src/stm32f1xx_hal_rcc.o
                              0x83818 (size before relaxing)
 .debug_str     0x00089ce0      0xdb3 ./Drivers/STM32F1xx_HAL_Driver/Src/stm32f1xx_hal_tim.o
                              0x8481a (size before relaxing)
 .debug_str     0x0008aa93      0x493 ./Drivers/STM32F1xx_HAL_Driver/Src/stm32f1xx_hal_tim_ex.o
                              0x84026 (size before relaxing)

.comment        0x00000000       0x43
 .comment       0x00000000       0x43 ./Core/Src/fonts.o
                                 0x44 (size before relaxing)
 .comment       0x00000043       0x44 ./Core/Src/main.o
 .comment       0x00000043       0x44 ./Core/Src/ssd1306_oled.o
 .comment       0x00000043       0x44 ./Core/Src/stm32f1xx_hal_msp.o
 .comment       0x00000043       0x44 ./Core/Src/stm32f1xx_it.o
 .comment       0x00000043       0x44 ./Core/Src/sysmem.o
 .comment       0x00000043       0x44 ./Core/Src/system_stm32f1xx.o
 .comment       0x00000043       0x44 ./Drivers/STM32F1xx_HAL_Driver/Src/stm32f1xx_hal.o
 .comment       0x00000043       0x44 ./Drivers/STM32F1xx_HAL_Driver/Src/stm32f1xx_hal_cortex.o
 .comment       0x00000043       0x44 ./Drivers/STM32F1xx_HAL_Driver/Src/stm32f1xx_hal_gpio.o
 .comment       0x00000043       0x44 ./Drivers/STM32F1xx_HAL_Driver/Src/stm32f1xx_hal_i2c.o
 .comment       0x00000043       0x44 ./Drivers/STM32F1xx_HAL_Driver/Src/stm32f1xx_hal_rcc.o
 .comment       0x00000043       0x44 ./Drivers/STM32F1xx_HAL_Driver/Src/stm32f1xx_hal_tim.o
 .comment       0x00000043       0x44 ./Drivers/STM32F1xx_HAL_Driver/Src/stm32f1xx_hal_tim_ex.o

.debug_frame    0x00000000     0x3d60
 .debug_frame   0x00000000       0x38 ./Core/Src/fonts.o
 .debug_frame   0x00000038      0x1b0 ./Core/Src/main.o
 .debug_frame   0x000001e8      0x414 ./Core/Src/ssd1306_oled.o
 .debug_frame   0x000005fc       0xc8 ./Core/Src/stm32f1xx_hal_msp.o
 .debug_frame   0x000006c4      0x120 ./Core/Src/stm32f1xx_it.o
 .debug_frame   0x000007e4       0x34 ./Core/Src/sysmem.o
 .debug_frame   0x00000818       0x58 ./Core/Src/system_stm32f1xx.o
 .debug_frame   0x00000870      0x334 ./Drivers/STM32F1xx_HAL_Driver/Src/stm32f1xx_hal.o
 .debug_frame   0x00000ba4      0x428 ./Drivers/STM32F1xx_HAL_Driver/Src/stm32f1xx_hal_cortex.o
 .debug_frame   0x00000fcc      0x14c ./Drivers/STM32F1xx_HAL_Driver/Src/stm32f1xx_hal_gpio.o
 .debug_frame   0x00001118      0xc84 ./Drivers/STM32F1xx_HAL_Driver/Src/stm32f1xx_hal_i2c.o
 .debug_frame   0x00001d9c      0x218 ./Drivers/STM32F1xx_HAL_Driver/Src/stm32f1xx_hal_rcc.o
 .debug_frame   0x00001fb4     0x11b8 ./Drivers/STM32F1xx_HAL_Driver/Src/stm32f1xx_hal_tim.o
 .debug_frame   0x0000316c      0x638 ./Drivers/STM32F1xx_HAL_Driver/Src/stm32f1xx_hal_tim_ex.o
 .debug_frame   0x000037a4      0x144 C:/ST/STM32CubeIDE_1.16.0/STM32CubeIDE/plugins/com.st.stm32cube.ide.mcu.externaltools.gnu-tools-for-stm32.12.3.rel1.win32_1.0.200.202406191623/tools/bin/../lib/gcc/arm-none-eabi/12.3.1/../../../../arm-none-eabi/lib/thumb/v7-m/nofp\libc_nano.a(libc_a-findfp.o)
 .debug_frame   0x000038e8       0x7c C:/ST/STM32CubeIDE_1.16.0/STM32CubeIDE/plugins/com.st.stm32cube.ide.mcu.externaltools.gnu-tools-for-stm32.12.3.rel1.win32_1.0.200.202406191623/tools/bin/../lib/gcc/arm-none-eabi/12.3.1/../../../../arm-none-eabi/lib/thumb/v7-m/nofp\libc_nano.a(libc_a-snprintf.o)
 .debug_frame   0x00003964       0x20 C:/ST/STM32CubeIDE_1.16.0/STM32CubeIDE/plugins/com.st.stm32cube.ide.mcu.externaltools.gnu-tools-for-stm32.12.3.rel1.win32_1.0.200.202406191623/tools/bin/../lib/gcc/arm-none-eabi/12.3.1/../../../../arm-none-eabi/lib/thumb/v7-m/nofp\libc_nano.a(libc_a-memset.o)
 .debug_frame   0x00003984       0x38 C:/ST/STM32CubeIDE_1.16.0/STM32CubeIDE/plugins/com.st.stm32cube.ide.mcu.externaltools.gnu-tools-for-stm32.12.3.rel1.win32_1.0.200.202406191623/tools/bin/../lib/gcc/arm-none-eabi/12.3.1/../../../../arm-none-eabi/lib/thumb/v7-m/nofp\libc_nano.a(libc_a-reent.o)
 .debug_frame   0x000039bc       0x20 C:/ST/STM32CubeIDE_1.16.0/STM32CubeIDE/plugins/com.st.stm32cube.ide.mcu.externaltools.gnu-tools-for-stm32.12.3.rel1.win32_1.0.200.202406191623/tools/bin/../lib/gcc/arm-none-eabi/12.3.1/../../../../arm-none-eabi/lib/thumb/v7-m/nofp\libc_nano.a(libc_a-errno.o)
 .debug_frame   0x000039dc       0x2c C:/ST/STM32CubeIDE_1.16.0/STM32CubeIDE/plugins/com.st.stm32cube.ide.mcu.externaltools.gnu-tools-for-stm32.12.3.rel1.win32_1.0.200.202406191623/tools/bin/../lib/gcc/arm-none-eabi/12.3.1/../../../../arm-none-eabi/lib/thumb/v7-m/nofp\libc_nano.a(libc_a-init.o)
 .debug_frame   0x00003a08       0xb0 C:/ST/STM32CubeIDE_1.16.0/STM32CubeIDE/plugins/com.st.stm32cube.ide.mcu.externaltools.gnu-tools-for-stm32.12.3.rel1.win32_1.0.200.202406191623/tools/bin/../lib/gcc/arm-none-eabi/12.3.1/../../../../arm-none-eabi/lib/thumb/v7-m/nofp\libc_nano.a(libc_a-lock.o)
 .debug_frame   0x00003ab8       0x38 C:/ST/STM32CubeIDE_1.16.0/STM32CubeIDE/plugins/com.st.stm32cube.ide.mcu.externaltools.gnu-tools-for-stm32.12.3.rel1.win32_1.0.200.202406191623/tools/bin/../lib/gcc/arm-none-eabi/12.3.1/../../../../arm-none-eabi/lib/thumb/v7-m/nofp\libc_nano.a(libc_a-freer.o)
 .debug_frame   0x00003af0       0x50 C:/ST/STM32CubeIDE_1.16.0/STM32CubeIDE/plugins/com.st.stm32cube.ide.mcu.externaltools.gnu-tools-for-stm32.12.3.rel1.win32_1.0.200.202406191623/tools/bin/../lib/gcc/arm-none-eabi/12.3.1/../../../../arm-none-eabi/lib/thumb/v7-m/nofp\libc_nano.a(libc_a-mallocr.o)
 .debug_frame   0x00003b40       0x30 C:/ST/STM32CubeIDE_1.16.0/STM32CubeIDE/plugins/com.st.stm32cube.ide.mcu.externaltools.gnu-tools-for-stm32.12.3.rel1.win32_1.0.200.202406191623/tools/bin/../lib/gcc/arm-none-eabi/12.3.1/../../../../arm-none-eabi/lib/thumb/v7-m/nofp\libc_nano.a(libc_a-mlock.o)
 .debug_frame   0x00003b70       0x90 C:/ST/STM32CubeIDE_1.16.0/STM32CubeIDE/plugins/com.st.stm32cube.ide.mcu.externaltools.gnu-tools-for-stm32.12.3.rel1.win32_1.0.200.202406191623/tools/bin/../lib/gcc/arm-none-eabi/12.3.1/../../../../arm-none-eabi/lib/thumb/v7-m/nofp\libc_nano.a(libc_a-nano-svfprintf.o)
 .debug_frame   0x00003c00       0x60 C:/ST/STM32CubeIDE_1.16.0/STM32CubeIDE/plugins/com.st.stm32cube.ide.mcu.externaltools.gnu-tools-for-stm32.12.3.rel1.win32_1.0.200.202406191623/tools/bin/../lib/gcc/arm-none-eabi/12.3.1/../../../../arm-none-eabi/lib/thumb/v7-m/nofp\libc_nano.a(libc_a-nano-vfprintf_i.o)
 .debug_frame   0x00003c60       0x28 C:/ST/STM32CubeIDE_1.16.0/STM32CubeIDE/plugins/com.st.stm32cube.ide.mcu.externaltools.gnu-tools-for-stm32.12.3.rel1.win32_1.0.200.202406191623/tools/bin/../lib/gcc/arm-none-eabi/12.3.1/../../../../arm-none-eabi/lib/thumb/v7-m/nofp\libc_nano.a(libc_a-memmove.o)
 .debug_frame   0x00003c88       0x2c C:/ST/STM32CubeIDE_1.16.0/STM32CubeIDE/plugins/com.st.stm32cube.ide.mcu.externaltools.gnu-tools-for-stm32.12.3.rel1.win32_1.0.200.202406191623/tools/bin/../lib/gcc/arm-none-eabi/12.3.1/../../../../arm-none-eabi/lib/thumb/v7-m/nofp\libc_nano.a(libc_a-sbrkr.o)
 .debug_frame   0x00003cb4       0x28 C:/ST/STM32CubeIDE_1.16.0/STM32CubeIDE/plugins/com.st.stm32cube.ide.mcu.externaltools.gnu-tools-for-stm32.12.3.rel1.win32_1.0.200.202406191623/tools/bin/../lib/gcc/arm-none-eabi/12.3.1/../../../../arm-none-eabi/lib/thumb/v7-m/nofp\libc_nano.a(libc_a-memchr-stub.o)
 .debug_frame   0x00003cdc       0x28 C:/ST/STM32CubeIDE_1.16.0/STM32CubeIDE/plugins/com.st.stm32cube.ide.mcu.externaltools.gnu-tools-for-stm32.12.3.rel1.win32_1.0.200.202406191623/tools/bin/../lib/gcc/arm-none-eabi/12.3.1/../../../../arm-none-eabi/lib/thumb/v7-m/nofp\libc_nano.a(libc_a-memcpy-stub.o)
 .debug_frame   0x00003d04       0x3c C:/ST/STM32CubeIDE_1.16.0/STM32CubeIDE/plugins/com.st.stm32cube.ide.mcu.externaltools.gnu-tools-for-stm32.12.3.rel1.win32_1.0.200.202406191623/tools/bin/../lib/gcc/arm-none-eabi/12.3.1/../../../../arm-none-eabi/lib/thumb/v7-m/nofp\libc_nano.a(libc_a-reallocr.o)
 .debug_frame   0x00003d40       0x20 C:/ST/STM32CubeIDE_1.16.0/STM32CubeIDE/plugins/com.st.stm32cube.ide.mcu.externaltools.gnu-tools-for-stm32.12.3.rel1.win32_1.0.200.202406191623/tools/bin/../lib/gcc/arm-none-eabi/12.3.1/../../../../arm-none-eabi/lib/thumb/v7-m/nofp\libc_nano.a(libc_a-msizer.o)

.debug_line_str
                0x00000000       0x92
 .debug_line_str
                0x00000000       0x92 ./Core/Startup/startup_stm32f103c8tx.o
