23:44:24 **** Incremental Build of configuration Debug for project TipoK2 ****
make -j12 all 
arm-none-eabi-size  TipoK2.elf 
   text	   data	    bss	    dec	    hex	filename
  30968	    468	   2116	  33552	   8310	TipoK2.elf
Finished building: default.size.stdout
 
23:44:34 **** Incremental Build of configuration Debug for project TipoK2 ****
make -j12 all 
arm-none-eabi-size  TipoK2.elf 
   text	   data	    bss	    dec	    hex	filename
  30968	    468	   2116	  33552	   8310	TipoK2.elf
Finished building: default.size.stdout
 
23:44:45 **** Incremental Build of configuration Debug for project TipoK2 ****
make -j12 all 
arm-none-eabi-size  TipoK2.elf 
   text	   data	    bss	    dec	    hex	filename
  30968	    468	   2116	  33552	   8310	TipoK2.elf
Finished building: default.size.stdout
 
