23:49:22 **** Incremental Build of configuration Debug for project Rotary ****
make -j12 all 
arm-none-eabi-gcc "../Core/Src/main.c" -mcpu=cortex-m3 -std=gnu11 -g3 -DDEBUG -DUSE_HAL_DRIVER -DSTM32F103xB -c -I../Core/Inc -I../Drivers/STM32F1xx_HAL_Driver/Inc/Legacy -I../Drivers/STM32F1xx_HAL_Driver/Inc -I../Drivers/CMSIS/Device/ST/STM32F1xx/Include -I../Drivers/CMSIS/Include -O0 -ffunction-sections -fdata-sections -Wall -fstack-usage -fcyclomatic-complexity -MMD -MP -MF"Core/Src/main.d" -MT"Core/Src/main.o" --specs=nano.specs -mfloat-abi=soft -mthumb -o "Core/Src/main.o"
arm-none-eabi-g++ -o "Rotary.elf" @"objects.list"   -mcpu=cortex-m3 -T"C:\Users\Isaac\Desktop\UCC_2025\UCC_2024\Segundo Semestre\Software de Sistemas Embebidos\STM32\Oled+Sensado\Rotary\STM32F103C8TX_FLASH.ld" --specs=nosys.specs -Wl,-Map="Rotary.map" -Wl,--gc-sections -static --specs=nano.specs -mfloat-abi=soft -mthumb -u _printf_float -u _scanf_float -Wl,--start-group -lc -lm -lstdc++ -lsupc++ -Wl,--end-group
Finished building target: Rotary.elf
 
arm-none-eabi-size  Rotary.elf 
arm-none-eabi-objdump -h -S Rotary.elf  > "Rotary.list"
   text	   data	    bss	    dec	    hex	filename
  37720	    476	   3108	  41304	   a158	Rotary.elf
Finished building: default.size.stdout
 
Finished building: Rotary.list
 
23:49:26 **** Incremental Build of configuration Debug for project Rotary ****
make -j12 all 
arm-none-eabi-size  Rotary.elf 
   text	   data	    bss	    dec	    hex	filename
  37720	    476	   3108	  41304	   a158	Rotary.elf
Finished building: default.size.stdout
 
