19:55:04 **** Incremental Build of configuration Debug for project Cupled ****
make -j8 all 
arm-none-eabi-gcc "../Core/Src/main.c" -mcpu=cortex-m3 -std=gnu11 -g3 -DDEBUG -DUSE_HAL_DRIVER -DSTM32F103xB -c -I../Core/Inc -I../Drivers/STM32F1xx_HAL_Driver/Inc/Legacy -I../Drivers/STM32F1xx_HAL_Driver/Inc -I../Drivers/CMSIS/Device/ST/STM32F1xx/Include -I../Drivers/CMSIS/Include -O0 -ffunction-sections -fdata-sections -Wall -fstack-usage -fcyclomatic-complexity -MMD -MP -MF"Core/Src/main.d" -MT"Core/Src/main.o" --specs=nano.specs -mfloat-abi=soft -mthumb -o "Core/Src/main.o"
arm-none-eabi-g++ -o "Cupled.elf" @"objects.list"   -mcpu=cortex-m3 -T"C:\Users\Isaac\Desktop\UCC_2024\Segundo Semestre\Software de Sistemas Embebidos\STM32\Cupled\STM32F103C8TX_FLASH.ld" --specs=nosys.specs -Wl,-Map="Cupled.map" -Wl,--gc-sections -static --specs=nano.specs -mfloat-abi=soft -mthumb -u _printf_float -u _scanf_float -Wl,--start-group -lc -lm -lstdc++ -lsupc++ -Wl,--end-group
Finished building target: Cupled.elf
 
arm-none-eabi-size  Cupled.elf 
arm-none-eabi-objdump -h -S Cupled.elf  > "Cupled.list"
   text	   data	    bss	    dec	    hex	filename
  37776	    476	   3364	  41616	   a290	Cupled.elf
Finished building: default.size.stdout
 
Finished building: Cupled.list
 

19:55:06 Build Finished. 0 errors, 0 warnings. (took 1s.298ms)

